Archive member included to satisfy reference by file (symbol)

/usr/local/Cellar/arm-none-eabi-gcc/9-2019-q4-major/gcc/bin/../lib/gcc/arm-none-eabi/9.2.1/thumb/v6-m/nofp/libgcc.a(_dvmd_tls.o)
                              CMakeFiles/PicoTest.dir/Users/jjulich/pico/pico-sdk/src/rp2_common/pico_divider/divider.S.obj (__aeabi_idiv0)
/usr/local/Cellar/arm-none-eabi-gcc/9-2019-q4-major/gcc/bin/../lib/gcc/arm-none-eabi/9.2.1/../../../../arm-none-eabi/lib/thumb/v6-m/nofp/libc.a(lib_a-calloc.o)
                              CMakeFiles/PicoTest.dir/Users/jjulich/pico/pico-sdk/src/rp2_common/pico_malloc/pico_malloc.c.obj (calloc)
/usr/local/Cellar/arm-none-eabi-gcc/9-2019-q4-major/gcc/bin/../lib/gcc/arm-none-eabi/9.2.1/../../../../arm-none-eabi/lib/thumb/v6-m/nofp/libc.a(lib_a-callocr.o)
                              /usr/local/Cellar/arm-none-eabi-gcc/9-2019-q4-major/gcc/bin/../lib/gcc/arm-none-eabi/9.2.1/../../../../arm-none-eabi/lib/thumb/v6-m/nofp/libc.a(lib_a-calloc.o) (_calloc_r)
/usr/local/Cellar/arm-none-eabi-gcc/9-2019-q4-major/gcc/bin/../lib/gcc/arm-none-eabi/9.2.1/../../../../arm-none-eabi/lib/thumb/v6-m/nofp/libc.a(lib_a-clock.o)
                              CMakeFiles/PicoTest.dir/main.c.obj (clock)
/usr/local/Cellar/arm-none-eabi-gcc/9-2019-q4-major/gcc/bin/../lib/gcc/arm-none-eabi/9.2.1/../../../../arm-none-eabi/lib/thumb/v6-m/nofp/libc.a(lib_a-impure.o)
                              /usr/local/Cellar/arm-none-eabi-gcc/9-2019-q4-major/gcc/bin/../lib/gcc/arm-none-eabi/9.2.1/../../../../arm-none-eabi/lib/thumb/v6-m/nofp/libc.a(lib_a-calloc.o) (_impure_ptr)
/usr/local/Cellar/arm-none-eabi-gcc/9-2019-q4-major/gcc/bin/../lib/gcc/arm-none-eabi/9.2.1/../../../../arm-none-eabi/lib/thumb/v6-m/nofp/libc.a(lib_a-init.o)
                              /usr/local/Cellar/arm-none-eabi-gcc/9-2019-q4-major/gcc/bin/../lib/gcc/arm-none-eabi/9.2.1/../../../../arm-none-eabi/lib/thumb/v6-m/nofp/crt0.o (__libc_init_array)
/usr/local/Cellar/arm-none-eabi-gcc/9-2019-q4-major/gcc/bin/../lib/gcc/arm-none-eabi/9.2.1/../../../../arm-none-eabi/lib/thumb/v6-m/nofp/libc.a(lib_a-malloc.o)
                              CMakeFiles/PicoTest.dir/Users/jjulich/pico/pico-sdk/src/rp2_common/pico_malloc/pico_malloc.c.obj (malloc)
/usr/local/Cellar/arm-none-eabi-gcc/9-2019-q4-major/gcc/bin/../lib/gcc/arm-none-eabi/9.2.1/../../../../arm-none-eabi/lib/thumb/v6-m/nofp/libc.a(lib_a-mallocr.o)
                              /usr/local/Cellar/arm-none-eabi-gcc/9-2019-q4-major/gcc/bin/../lib/gcc/arm-none-eabi/9.2.1/../../../../arm-none-eabi/lib/thumb/v6-m/nofp/libc.a(lib_a-callocr.o) (_malloc_r)
/usr/local/Cellar/arm-none-eabi-gcc/9-2019-q4-major/gcc/bin/../lib/gcc/arm-none-eabi/9.2.1/../../../../arm-none-eabi/lib/thumb/v6-m/nofp/libc.a(lib_a-mlock.o)
                              /usr/local/Cellar/arm-none-eabi-gcc/9-2019-q4-major/gcc/bin/../lib/gcc/arm-none-eabi/9.2.1/../../../../arm-none-eabi/lib/thumb/v6-m/nofp/libc.a(lib_a-mallocr.o) (__malloc_lock)
/usr/local/Cellar/arm-none-eabi-gcc/9-2019-q4-major/gcc/bin/../lib/gcc/arm-none-eabi/9.2.1/../../../../arm-none-eabi/lib/thumb/v6-m/nofp/libc.a(lib_a-rand.o)
                              CMakeFiles/PicoTest.dir/main.c.obj (srand)
/usr/local/Cellar/arm-none-eabi-gcc/9-2019-q4-major/gcc/bin/../lib/gcc/arm-none-eabi/9.2.1/../../../../arm-none-eabi/lib/thumb/v6-m/nofp/libc.a(lib_a-sbrkr.o)
                              /usr/local/Cellar/arm-none-eabi-gcc/9-2019-q4-major/gcc/bin/../lib/gcc/arm-none-eabi/9.2.1/../../../../arm-none-eabi/lib/thumb/v6-m/nofp/libc.a(lib_a-mallocr.o) (_sbrk_r)
/usr/local/Cellar/arm-none-eabi-gcc/9-2019-q4-major/gcc/bin/../lib/gcc/arm-none-eabi/9.2.1/../../../../arm-none-eabi/lib/thumb/v6-m/nofp/libc.a(lib_a-strlen-stub.o)
                              CMakeFiles/PicoTest.dir/Users/jjulich/pico/pico-sdk/src/rp2_common/pico_stdio/stdio.c.obj (strlen)
/usr/local/Cellar/arm-none-eabi-gcc/9-2019-q4-major/gcc/bin/../lib/gcc/arm-none-eabi/9.2.1/../../../../arm-none-eabi/lib/thumb/v6-m/nofp/libc.a(lib_a-timesr.o)
                              /usr/local/Cellar/arm-none-eabi-gcc/9-2019-q4-major/gcc/bin/../lib/gcc/arm-none-eabi/9.2.1/../../../../arm-none-eabi/lib/thumb/v6-m/nofp/libc.a(lib_a-clock.o) (_times_r)
/usr/local/Cellar/arm-none-eabi-gcc/9-2019-q4-major/gcc/bin/../lib/gcc/arm-none-eabi/9.2.1/../../../../arm-none-eabi/lib/thumb/v6-m/nofp/libc.a(lib_a-freer.o)
                              /usr/local/Cellar/arm-none-eabi-gcc/9-2019-q4-major/gcc/bin/../lib/gcc/arm-none-eabi/9.2.1/../../../../arm-none-eabi/lib/thumb/v6-m/nofp/libc.a(lib_a-malloc.o) (_free_r)
/usr/local/Cellar/arm-none-eabi-gcc/9-2019-q4-major/gcc/bin/../lib/gcc/arm-none-eabi/9.2.1/../../../../arm-none-eabi/lib/thumb/v6-m/nofp/libc.a(lib_a-lock.o)
                              /usr/local/Cellar/arm-none-eabi-gcc/9-2019-q4-major/gcc/bin/../lib/gcc/arm-none-eabi/9.2.1/../../../../arm-none-eabi/lib/thumb/v6-m/nofp/libc.a(lib_a-mlock.o) (__retarget_lock_acquire_recursive)
[...]
Memory Configuration

Name             Origin             Length             Attributes
FLASH            0x0000000010000000 0x0000000000200000 xr
RAM              0x0000000020000000 0x0000000000040000 xrw
SCRATCH_X        0x0000000020040000 0x0000000000001000 xrw
SCRATCH_Y        0x0000000020041000 0x0000000000001000 xrw
*default*        0x0000000000000000 0xffffffffffffffff

Linker script and memory map

LOAD /usr/local/Cellar/arm-none-eabi-gcc/9-2019-q4-major/gcc/bin/../lib/gcc/arm-none-eabi/9.2.1/thumb/v6-m/nofp/crti.o
LOAD /usr/local/Cellar/arm-none-eabi-gcc/9-2019-q4-major/gcc/bin/../lib/gcc/arm-none-eabi/9.2.1/thumb/v6-m/nofp/crtbegin.o
LOAD /usr/local/Cellar/arm-none-eabi-gcc/9-2019-q4-major/gcc/bin/../lib/gcc/arm-none-eabi/9.2.1/../../../../arm-none-eabi/lib/thumb/v6-m/nofp/crt0.o

.flash_begin    0x0000000010000000        0x0
                0x0000000010000000                __flash_binary_start = .

.boot2          0x0000000010000000      0x100
                0x0000000010000000                __boot2_start__ = .
 *(.boot2)
 .boot2         0x0000000010000000      0x100 /var/folders/1n/t38rngmd42j286ky10t24rmc6q8d32/T//cckb9ADe.o
                0x0000000010000100                __boot2_end__ = .
                0x0000000000000001                ASSERT (((__boot2_end__ - __boot2_start__) == 0x100), ERROR: Pico second stage bootloader must be 256 bytes in size)

.text           0x0000000010000100     0x6c00
                0x0000000010000100                __logical_binary_start = .
 *(.vectors)
 .vectors       0x0000000010000100       0xd4 CMakeFiles/PicoTest.dir/Users/jjulich/pico/pico-sdk/src/rp2_common/pico_standard_link/crt0.S.obj
                0x0000000010000100                __vectors
                0x00000000100001c0                isr_invalid
                0x00000000100001c2                isr_nmi
                0x00000000100001c4                isr_hardfault
                0x00000000100001c6                isr_svcall
                0x00000000100001c8                isr_pendsv
                0x00000000100001ca                isr_systick
                0x00000000100001cc                isr_irq23
                0x00000000100001cc                isr_irq18
                0x00000000100001cc                isr_irq28
                0x00000000100001cc                isr_irq19
                0x00000000100001cc                isr_irq0
                0x00000000100001cc                isr_irq6
                0x00000000100001cc                isr_irq22
                0x00000000100001cc                isr_irq17
                0x00000000100001cc                isr_irq14
                0x00000000100001cc                isr_irq2
                0x00000000100001cc                isr_irq10
                0x00000000100001cc                isr_irq8
                0x00000000100001cc                isr_irq24
                0x00000000100001cc                isr_irq1
                0x00000000100001cc                isr_irq7
                0x00000000100001cc                isr_irq21
                0x00000000100001cc                isr_irq20
                0x00000000100001cc                isr_irq15
                0x00000000100001cc                isr_irq25
                0x00000000100001cc                isr_irq4
                0x00000000100001cc                isr_irq16
                0x00000000100001cc                isr_irq29
                0x00000000100001cc                isr_irq26
                0x00000000100001cc                isr_irq3
                0x00000000100001cc                isr_irq9
                0x00000000100001cc                __unhandled_user_irq
                0x00000000100001cc                isr_irq13
                0x00000000100001cc                isr_irq27
                0x00000000100001cc                isr_irq31
                0x00000000100001cc                isr_irq5
                0x00000000100001cc                isr_irq11
                0x00000000100001cc                isr_irq30
                0x00000000100001cc                isr_irq12
                0x00000000100001d2                unhandled_user_irq_num_in_r0
 *(.binary_info_header)
 .binary_info_header
                0x00000000100001d4       0x14 CMakeFiles/PicoTest.dir/Users/jjulich/pico/pico-sdk/src/rp2_common/pico_standard_link/crt0.S.obj
                0x00000000100001e8                __binary_info_header_end = .
 *(.reset)
 .reset         0x00000000100001e8       0xa8 CMakeFiles/PicoTest.dir/Users/jjulich/pico/pico-sdk/src/rp2_common/pico_standard_link/crt0.S.obj
                0x00000000100001e8                _entry_point
                0x0000000010000266                __get_current_exception
 .reset         0x0000000010000290       0x30 CMakeFiles/PicoTest.dir/Users/jjulich/pico/pico-sdk/src/rp2_common/pico_standard_link/binary_info.c.obj
 *(.init)
 .init          0x00000000100002c0        0x4 /usr/local/Cellar/arm-none-eabi-gcc/9-2019-q4-major/gcc/bin/../lib/gcc/arm-none-eabi/9.2.1/thumb/v6-m/nofp/crti.o
                0x00000000100002c0                _init
 *(EXCLUDE_FILE(*libm.a: *libc.a:*lib_a-mem*.o *libgcc.a:) .text*)
 .text          0x00000000100002c4       0x48 /usr/local/Cellar/arm-none-eabi-gcc/9-2019-q4-major/gcc/bin/../lib/gcc/arm-none-eabi/9.2.1/thumb/v6-m/nofp/crtbegin.o
 .text.startup.main
                0x000000001000030c      0x1ac CMakeFiles/PicoTest.dir/main.c.obj
                0x000000001000030c                main
 .text.rfcChecksum
                0x00000000100004b8       0x4c CMakeFiles/PicoTest.dir/rfc1071.c.obj
                0x00000000100004b8                rfcChecksum
 .text.usGenerateChecksum
                0x0000000010000504      0x174 CMakeFiles/PicoTest.dir/usGenerateChecksum.c.obj
                0x0000000010000504                usGenerateChecksum
 .text.usGenerateChecksum2
                0x0000000010000678      0x18c CMakeFiles/PicoTest.dir/usGenerateChecksum2.c.obj
                0x0000000010000678                usGenerateChecksum2
 .text.usGenerateChecksum32
                0x0000000010000804      0x18c CMakeFiles/PicoTest.dir/usGenerateChecksum32.c.obj
                0x0000000010000804                usGenerateChecksum32
 .text.gpio_init
                0x0000000010000990       0x3c CMakeFiles/PicoTest.dir/Users/jjulich/pico/pico-sdk/src/rp2_common/hardware_gpio/gpio.c.obj
                0x0000000010000990                gpio_init
 .text.hw_claim_or_assert
                0x00000000100009cc       0x60 CMakeFiles/PicoTest.dir/Users/jjulich/pico/pico-sdk/src/rp2_common/hardware_claim/claim.c.obj
                0x00000000100009cc                hw_claim_or_assert
 .text.hw_claim_unused_from_range
                0x0000000010000a2c       0x9c CMakeFiles/PicoTest.dir/Users/jjulich/pico/pico-sdk/src/rp2_common/hardware_claim/claim.c.obj
                0x0000000010000a2c                hw_claim_unused_from_range
 .text.spin_locks_reset
                0x0000000010000ac8       0x1c CMakeFiles/PicoTest.dir/Users/jjulich/pico/pico-sdk/src/rp2_common/hardware_sync/sync.c.obj
                0x0000000010000ac8                spin_locks_reset
 .text.next_striped_spin_lock_num
                0x0000000010000ae4       0x18 CMakeFiles/PicoTest.dir/Users/jjulich/pico/pico-sdk/src/rp2_common/hardware_sync/sync.c.obj
                0x0000000010000ae4                next_striped_spin_lock_num
 .text.spin_lock_claim_unused
                0x0000000010000afc       0x20 CMakeFiles/PicoTest.dir/Users/jjulich/pico/pico-sdk/src/rp2_common/hardware_sync/sync.c.obj
                0x0000000010000afc                spin_lock_claim_unused
 .text.running_on_fpga
                0x0000000010000b1c       0x10 CMakeFiles/PicoTest.dir/Users/jjulich/pico/pico-sdk/src/rp2_common/pico_platform/platform.c.obj
                0x0000000010000b1c                running_on_fpga
 .text.timer_pool_entry_comparator
                0x0000000010000b2c       0x34 CMakeFiles/PicoTest.dir/Users/jjulich/pico/pico-sdk/src/common/pico_time/time.c.obj
                0x0000000010000b2c                timer_pool_entry_comparator
 .text.sev_callback
                0x0000000010000b60        0x8 CMakeFiles/PicoTest.dir/Users/jjulich/pico/pico-sdk/src/common/pico_time/time.c.obj
 .text.add_alarm_under_lock
                0x0000000010000b68      0x108 CMakeFiles/PicoTest.dir/Users/jjulich/pico/pico-sdk/src/common/pico_time/time.c.obj
 .text.alarm_pool_alarm_callback
                0x0000000010000c70      0x1b0 CMakeFiles/PicoTest.dir/Users/jjulich/pico/pico-sdk/src/common/pico_time/time.c.obj
 .text.alarm_pool_init_default
                0x0000000010000e20       0x58 CMakeFiles/PicoTest.dir/Users/jjulich/pico/pico-sdk/src/common/pico_time/time.c.obj
                0x0000000010000e20                alarm_pool_init_default
 .text.alarm_pool_get_default
                0x0000000010000e78        0x8 CMakeFiles/PicoTest.dir/Users/jjulich/pico/pico-sdk/src/common/pico_time/time.c.obj
                0x0000000010000e78                alarm_pool_get_default
 .text.alarm_pool_add_alarm_at
                0x0000000010000e80      0x1a4 CMakeFiles/PicoTest.dir/Users/jjulich/pico/pico-sdk/src/common/pico_time/time.c.obj
                0x0000000010000e80                alarm_pool_add_alarm_at
 .text.alarm_pool_cancel_alarm
                0x0000000010001024       0x70 CMakeFiles/PicoTest.dir/Users/jjulich/pico/pico-sdk/src/common/pico_time/time.c.obj
                0x0000000010001024                alarm_pool_cancel_alarm
 .text.best_effort_wfe_or_timeout
                0x0000000010001094      0x174 CMakeFiles/PicoTest.dir/Users/jjulich/pico/pico-sdk/src/common/pico_time/time.c.obj
                0x0000000010001094                best_effort_wfe_or_timeout
 .text.hardware_alarm_irq_handler
                0x0000000010001208       0xb8 CMakeFiles/PicoTest.dir/Users/jjulich/pico/pico-sdk/src/rp2_common/hardware_timer/timer.c.obj
 .text.hardware_alarm_claim
                0x00000000100012c0       0x18 CMakeFiles/PicoTest.dir/Users/jjulich/pico/pico-sdk/src/rp2_common/hardware_timer/timer.c.obj
                0x00000000100012c0                hardware_alarm_claim
 .text.time_us_64
                0x00000000100012d8       0x14 CMakeFiles/PicoTest.dir/Users/jjulich/pico/pico-sdk/src/rp2_common/hardware_timer/timer.c.obj
                0x00000000100012d8                time_us_64
 .text.hardware_alarm_set_callback
                0x00000000100012ec       0x8c CMakeFiles/PicoTest.dir/Users/jjulich/pico/pico-sdk/src/rp2_common/hardware_timer/timer.c.obj
                0x00000000100012ec                hardware_alarm_set_callback
 .text.hardware_alarm_set_target
                0x0000000010001378       0xdc CMakeFiles/PicoTest.dir/Users/jjulich/pico/pico-sdk/src/rp2_common/hardware_timer/timer.c.obj
                0x0000000010001378                hardware_alarm_set_target
 .text.hardware_alarm_cancel
                0x0000000010001454       0x40 CMakeFiles/PicoTest.dir/Users/jjulich/pico/pico-sdk/src/rp2_common/hardware_timer/timer.c.obj
                0x0000000010001454                hardware_alarm_cancel
 .text.lock_init
                0x0000000010001494       0x10 CMakeFiles/PicoTest.dir/Users/jjulich/pico/pico-sdk/src/common/pico_sync/lock_core.c.obj
                0x0000000010001494                lock_init
 .text.mutex_init
                0x00000000100014a4       0x1c CMakeFiles/PicoTest.dir/Users/jjulich/pico/pico-sdk/src/common/pico_sync/mutex.c.obj
                0x00000000100014a4                mutex_init
 .text.critical_section_init
                0x00000000100014c0       0x18 CMakeFiles/PicoTest.dir/Users/jjulich/pico/pico-sdk/src/common/pico_sync/critical_section.c.obj
                0x00000000100014c0                critical_section_init
 .text.ph_merge_nodes
                0x00000000100014d8       0x68 CMakeFiles/PicoTest.dir/Users/jjulich/pico/pico-sdk/src/common/pico_util/pheap.c.obj
 .text.ph_post_alloc_init
                0x0000000010001540       0x3c CMakeFiles/PicoTest.dir/Users/jjulich/pico/pico-sdk/src/common/pico_util/pheap.c.obj
                0x0000000010001540                ph_post_alloc_init
 .text.ph_merge_two_pass
                0x000000001000157c       0x90 CMakeFiles/PicoTest.dir/Users/jjulich/pico/pico-sdk/src/common/pico_util/pheap.c.obj
                0x000000001000157c                ph_merge_two_pass
 .text.ph_remove_any_head
                0x000000001000160c       0xf8 CMakeFiles/PicoTest.dir/Users/jjulich/pico/pico-sdk/src/common/pico_util/pheap.c.obj
 .text.ph_remove_head
                0x0000000010001704      0x13c CMakeFiles/PicoTest.dir/Users/jjulich/pico/pico-sdk/src/common/pico_util/pheap.c.obj
                0x0000000010001704                ph_remove_head
 .text.ph_remove_and_free_node
                0x0000000010001840       0x7c CMakeFiles/PicoTest.dir/Users/jjulich/pico/pico-sdk/src/common/pico_util/pheap.c.obj
                0x0000000010001840                ph_remove_and_free_node
 .text.runtime_init
                0x00000000100018bc       0xec CMakeFiles/PicoTest.dir/Users/jjulich/pico/pico-sdk/src/rp2_common/pico_runtime/runtime.c.obj
                0x00000000100018bc                runtime_init
 .text.exit     0x00000000100019a8        0x4 CMakeFiles/PicoTest.dir/Users/jjulich/pico/pico-sdk/src/rp2_common/pico_runtime/runtime.c.obj
                0x00000000100019a8                exit
 .text.panic    0x00000000100019ac       0x30 CMakeFiles/PicoTest.dir/Users/jjulich/pico/pico-sdk/src/rp2_common/pico_runtime/runtime.c.obj
                0x00000000100019ac                panic
 .text.hard_assertion_failure
                0x00000000100019dc        0xc CMakeFiles/PicoTest.dir/Users/jjulich/pico/pico-sdk/src/rp2_common/pico_runtime/runtime.c.obj
                0x00000000100019dc                hard_assertion_failure
 .text.clocks_init
                0x00000000100019e8      0x2e0 CMakeFiles/PicoTest.dir/Users/jjulich/pico/pico-sdk/src/rp2_common/hardware_clocks/clocks.c.obj
                0x00000000100019e8                clocks_init
 .text.watchdog_start_tick
                0x0000000010001cc8       0x10 CMakeFiles/PicoTest.dir/Users/jjulich/pico/pico-sdk/src/rp2_common/hardware_watchdog/watchdog.c.obj
                0x0000000010001cc8                watchdog_start_tick
 .text.watchdog_reboot
                0x0000000010001cd8       0x98 CMakeFiles/PicoTest.dir/Users/jjulich/pico/pico-sdk/src/rp2_common/hardware_watchdog/watchdog.c.obj
                0x0000000010001cd8                watchdog_reboot
 .text.xosc_init
                0x0000000010001d70       0x28 CMakeFiles/PicoTest.dir/Users/jjulich/pico/pico-sdk/src/rp2_common/hardware_xosc/xosc.c.obj
                0x0000000010001d70                xosc_init
 .text.pll_init
                0x0000000010001d98       0x54 CMakeFiles/PicoTest.dir/Users/jjulich/pico/pico-sdk/src/rp2_common/hardware_pll/pll.c.obj
                0x0000000010001d98                pll_init
 .text.irq_set_enabled
                0x0000000010001dec       0x24 CMakeFiles/PicoTest.dir/Users/jjulich/pico/pico-sdk/src/rp2_common/hardware_irq/irq.c.obj
                0x0000000010001dec                irq_set_enabled
 .text.irq_set_pending
                0x0000000010001e10       0x10 CMakeFiles/PicoTest.dir/Users/jjulich/pico/pico-sdk/src/rp2_common/hardware_irq/irq.c.obj
                0x0000000010001e10                irq_set_pending
 .text.irq_get_vtable_handler
                0x0000000010001e20       0x10 CMakeFiles/PicoTest.dir/Users/jjulich/pico/pico-sdk/src/rp2_common/hardware_irq/irq.c.obj
                0x0000000010001e20                irq_get_vtable_handler
 .text.irq_set_exclusive_handler
                0x0000000010001e30       0x54 CMakeFiles/PicoTest.dir/Users/jjulich/pico/pico-sdk/src/rp2_common/hardware_irq/irq.c.obj
                0x0000000010001e30                irq_set_exclusive_handler
 .text.irq_remove_handler
                0x0000000010001e84      0x1b8 CMakeFiles/PicoTest.dir/Users/jjulich/pico/pico-sdk/src/rp2_common/hardware_irq/irq.c.obj
                0x0000000010001e84                irq_remove_handler
 .text.irq_add_tail_to_free_list
                0x000000001000203c       0xb8 CMakeFiles/PicoTest.dir/Users/jjulich/pico/pico-sdk/src/rp2_common/hardware_irq/irq.c.obj
                0x000000001000203c                irq_add_tail_to_free_list
 .text.irq_init_priorities
                0x00000000100020f4       0x38 CMakeFiles/PicoTest.dir/Users/jjulich/pico/pico-sdk/src/rp2_common/hardware_irq/irq.c.obj
                0x00000000100020f4                irq_init_priorities
 .text._out_null
                0x000000001000212c        0x4 CMakeFiles/PicoTest.dir/Users/jjulich/pico/pico-sdk/src/rp2_common/pico_printf/printf.c.obj
 .text._out_rev
                0x0000000010002130       0xd0 CMakeFiles/PicoTest.dir/Users/jjulich/pico/pico-sdk/src/rp2_common/pico_printf/printf.c.obj
 .text._ntoa_format
                0x0000000010002200      0x1d0 CMakeFiles/PicoTest.dir/Users/jjulich/pico/pico-sdk/src/rp2_common/pico_printf/printf.c.obj
 .text._out_char
                0x00000000100023d0       0x10 CMakeFiles/PicoTest.dir/Users/jjulich/pico/pico-sdk/src/rp2_common/pico_printf/printf.c.obj
 .text._out_fct
                0x00000000100023e0       0x10 CMakeFiles/PicoTest.dir/Users/jjulich/pico/pico-sdk/src/rp2_common/pico_printf/printf.c.obj
 .text._etoa    0x00000000100023f0      0x478 CMakeFiles/PicoTest.dir/Users/jjulich/pico/pico-sdk/src/rp2_common/pico_printf/printf.c.obj
 .text._ftoa    0x0000000010002868      0x3e0 CMakeFiles/PicoTest.dir/Users/jjulich/pico/pico-sdk/src/rp2_common/pico_printf/printf.c.obj
 .text._vsnprintf
                0x0000000010002c48      0xb08 CMakeFiles/PicoTest.dir/Users/jjulich/pico/pico-sdk/src/rp2_common/pico_printf/printf.c.obj
 .text.vfctprintf
                0x0000000010003750       0x20 CMakeFiles/PicoTest.dir/Users/jjulich/pico/pico-sdk/src/rp2_common/pico_printf/printf.c.obj
                0x0000000010003750                vfctprintf
 .text.weak_raw_vprintf
                0x0000000010003770       0x30 CMakeFiles/PicoTest.dir/Users/jjulich/pico/pico-sdk/src/rp2_common/pico_printf/printf.c.obj
                0x0000000010003770                weak_raw_vprintf
 .text          0x00000000100037a0       0x10 CMakeFiles/PicoTest.dir/Users/jjulich/pico/pico-sdk/src/rp2_common/pico_bit_ops/bit_ops_aeabi.S.obj
 .text.rom_func_lookup
                0x00000000100037b0       0x10 CMakeFiles/PicoTest.dir/Users/jjulich/pico/pico-sdk/src/rp2_common/pico_bootrom/bootrom.c.obj
                0x00000000100037b0                rom_func_lookup
 .text.rom_data_lookup
                0x00000000100037c0       0x10 CMakeFiles/PicoTest.dir/Users/jjulich/pico/pico-sdk/src/rp2_common/pico_bootrom/bootrom.c.obj
                0x00000000100037c0                rom_data_lookup
 .text.rom_funcs_lookup
                0x00000000100037d0       0x3c CMakeFiles/PicoTest.dir/Users/jjulich/pico/pico-sdk/src/rp2_common/pico_bootrom/bootrom.c.obj
                0x00000000100037d0                rom_funcs_lookup
 .text.__wrap___aeabi_idiv
                0x000000001000380c       0x58 CMakeFiles/PicoTest.dir/Users/jjulich/pico/pico-sdk/src/rp2_common/pico_divider/divider.S.obj
                0x000000001000380c                __wrap___aeabi_idivmod
                0x000000001000380c                divmod_s32s32
                0x000000001000380c                div_s32s32
                0x000000001000380c                __wrap___aeabi_idiv
                0x0000000010003814                divmod_s32s32_unsafe
                0x0000000010003840                divmod_s32s32_savestate
 .text.__wrap___aeabi_uidiv
                0x0000000010003864       0x54 CMakeFiles/PicoTest.dir/Users/jjulich/pico/pico-sdk/src/rp2_common/pico_divider/divider.S.obj
                0x0000000010003864                __wrap___aeabi_uidiv
                0x0000000010003864                __wrap___aeabi_uidivmod
                0x0000000010003864                div_u32u32
                0x0000000010003864                divmod_u32u32
                0x000000001000386c                divmod_u32u32_unsafe
                0x0000000010003894                divmod_u32u32_savestate
 .text.__wrap___aeabi_ldiv
                0x00000000100038b8      0x430 CMakeFiles/PicoTest.dir/Users/jjulich/pico/pico-sdk/src/rp2_common/pico_divider/divider.S.obj
                0x00000000100038b8                __wrap___aeabi_ldivmod
                0x00000000100038b8                div_s64s64
                0x00000000100038b8                divmod_s64s64
                0x00000000100038f0                divmod_u64u64
                0x00000000100038f0                div_u64u64
                0x00000000100038f0                __wrap___aeabi_uldivmod
                0x0000000010003900                divmod_u64u64_savestate
                0x0000000010003928                divmod_s64s64_unsafe
                0x00000000100039b0                divmod_u64u64_unsafe
 .text.__wrap___aeabi_darithmetic
                0x0000000010003ce8       0x54 CMakeFiles/PicoTest.dir/Users/jjulich/pico/pico-sdk/src/rp2_common/pico_double/double_aeabi.S.obj
                0x0000000010003ce8                __wrap___aeabi_drsub
                0x0000000010003cee                __wrap___aeabi_dsub
                0x0000000010003d00                __wrap___aeabi_dadd
                0x0000000010003d12                __wrap___aeabi_ddiv
                0x0000000010003d24                __wrap___aeabi_dmul
 .text.__wrap___aeabi_cdcmple
                0x0000000010003d3c       0x6c CMakeFiles/PicoTest.dir/Users/jjulich/pico/pico-sdk/src/rp2_common/pico_double/double_aeabi.S.obj
                0x0000000010003d3c                __wrap___aeabi_cdrcmple
                0x0000000010003d4c                __wrap___aeabi_cdcmple
                0x0000000010003d4c                __wrap___aeabi_cdcmpeq
 .text.__wrap___aeabi_dcmplt
                0x0000000010003da8        0xc CMakeFiles/PicoTest.dir/Users/jjulich/pico/pico-sdk/src/rp2_common/pico_double/double_aeabi.S.obj
                0x0000000010003da8                __wrap___aeabi_dcmplt
 .text.__wrap___aeabi_dcmple
                0x0000000010003db4       0x10 CMakeFiles/PicoTest.dir/Users/jjulich/pico/pico-sdk/src/rp2_common/pico_double/double_aeabi.S.obj
                0x0000000010003db4                __wrap___aeabi_dcmple
 .text.__wrap___aeabi_dcmpge
                0x0000000010003dc4       0x10 CMakeFiles/PicoTest.dir/Users/jjulich/pico/pico-sdk/src/rp2_common/pico_double/double_aeabi.S.obj
                0x0000000010003dc4                __wrap___aeabi_dcmpge
 .text.__wrap___aeabi_dcmpgt
                0x0000000010003dd4        0xa CMakeFiles/PicoTest.dir/Users/jjulich/pico/pico-sdk/src/rp2_common/pico_double/double_aeabi.S.obj
                0x0000000010003dd4                __wrap___aeabi_dcmpgt
 .text.__wrap___aeabi_dcmpun
                0x0000000010003dde       0x1c CMakeFiles/PicoTest.dir/Users/jjulich/pico/pico-sdk/src/rp2_common/pico_double/double_aeabi.S.obj
                0x0000000010003dde                __wrap___aeabi_dcmpun
 *fill*         0x0000000010003dfa        0x2 
 .text.__wrap___aeabi_i2d
                0x0000000010003dfc       0x38 CMakeFiles/PicoTest.dir/Users/jjulich/pico/pico-sdk/src/rp2_common/pico_double/double_aeabi.S.obj
                0x0000000010003dfc                __wrap___aeabi_ui2d
                0x0000000010003e04                __wrap___aeabi_i2d
 .text.__wrap___aeabi_d2iz
                0x0000000010003e34       0x48 CMakeFiles/PicoTest.dir/Users/jjulich/pico/pico-sdk/src/rp2_common/pico_double/double_aeabi.S.obj
                0x0000000010003e34                __wrap___aeabi_d2iz
                0x0000000010003e34                double2int_z
 .text.__wrap___aeabi_d2uiz
                0x0000000010003e7c       0x18 CMakeFiles/PicoTest.dir/Users/jjulich/pico/pico-sdk/src/rp2_common/pico_double/double_aeabi.S.obj
                0x0000000010003e7c                double2uint
                0x0000000010003e7c                __wrap___aeabi_d2uiz
 .text.__aeabi_double_init
                0x0000000010003e94       0xac CMakeFiles/PicoTest.dir/Users/jjulich/pico/pico-sdk/src/rp2_common/pico_double/double_init_rom.c.obj
                0x0000000010003e94                __aeabi_double_init
 .text.double_table_shim_on_use_helper
                0x0000000010003f40       0x2c CMakeFiles/PicoTest.dir/Users/jjulich/pico/pico-sdk/src/rp2_common/pico_double/double_v1_rom_shim.S.obj
                0x0000000010003f40                double_table_shim_on_use_helper
 .text.__wrap___aeabi_dsub
                0x0000000010003f6c       0x10 CMakeFiles/PicoTest.dir/Users/jjulich/pico/pico-sdk/src/rp2_common/pico_double/double_v1_rom_shim.S.obj
                0x0000000010003f6c                drsub_shim
                0x0000000010003f72                dsub_shim
 .text.dadd_shim
                0x0000000010003f7c      0x15c CMakeFiles/PicoTest.dir/Users/jjulich/pico/pico-sdk/src/rp2_common/pico_double/double_v1_rom_shim.S.obj
                0x0000000010003f7c                dadd_shim
 .text.dmul_shim
                0x00000000100040d8      0x15c CMakeFiles/PicoTest.dir/Users/jjulich/pico/pico-sdk/src/rp2_common/pico_double/double_v1_rom_shim.S.obj
                0x00000000100040d8                dmul_shim
 .text.ddiv_shim
                0x0000000010004234      0x1b0 CMakeFiles/PicoTest.dir/Users/jjulich/pico/pico-sdk/src/rp2_common/pico_double/double_v1_rom_shim.S.obj
                0x0000000010004234                ddiv_shim
 .text.dcordic_rot_step
                0x00000000100043e4       0x7c CMakeFiles/PicoTest.dir/Users/jjulich/pico/pico-sdk/src/rp2_common/pico_double/double_v1_rom_shim.S.obj
                0x00000000100043e4                dcordic_rot_step
 .text.double2uint_shim
                0x0000000010004460        0xe CMakeFiles/PicoTest.dir/Users/jjulich/pico/pico-sdk/src/rp2_common/pico_double/double_v1_rom_shim.S.obj
                0x0000000010004460                double2uint_shim
                0x0000000010004462                double2ufix_shim
 *fill*         0x000000001000446e        0x2 
 .text.double2uint64_shim
                0x0000000010004470       0x6c CMakeFiles/PicoTest.dir/Users/jjulich/pico/pico-sdk/src/rp2_common/pico_double/double_v1_rom_shim.S.obj
                0x0000000010004470                double2uint64_shim
                0x0000000010004472                double2ufix64_shim
                0x000000001000448c                d2fix_a
 .text.dunpacks
                0x00000000100044dc       0x3c CMakeFiles/PicoTest.dir/Users/jjulich/pico/pico-sdk/src/rp2_common/pico_double/double_v1_rom_shim.S.obj
                0x00000000100044dc                dunpacks
 .text.__aeabi_lmul
                0x0000000010004518       0x32 CMakeFiles/PicoTest.dir/Users/jjulich/pico/pico-sdk/src/rp2_common/pico_int64_ops/pico_int64_ops_aeabi.S.obj
                0x0000000010004518                __wrap___aeabi_lmul
 *fill*         0x000000001000454a        0x2 
 .text.__aeabi_float_init
                0x000000001000454c       0x64 CMakeFiles/PicoTest.dir/Users/jjulich/pico/pico-sdk/src/rp2_common/pico_float/float_init_rom.c.obj
                0x000000001000454c                __aeabi_float_init
 .text.float_table_shim_on_use_helper
                0x00000000100045b0       0x2c CMakeFiles/PicoTest.dir/Users/jjulich/pico/pico-sdk/src/rp2_common/pico_float/float_v1_rom_shim.S.obj
                0x00000000100045b0                float_table_shim_on_use_helper
 .text          0x00000000100045dc       0x10 CMakeFiles/PicoTest.dir/Users/jjulich/pico/pico-sdk/src/rp2_common/pico_mem_ops/mem_ops_aeabi.S.obj
                0x00000000100045dc                __aeabi_mem_init
 .text.memset   0x00000000100045ec        0xc CMakeFiles/PicoTest.dir/Users/jjulich/pico/pico-sdk/src/rp2_common/pico_mem_ops/mem_ops_aeabi.S.obj
                0x00000000100045ec                __wrap_memset
 .text.memcpy   0x00000000100045f8        0xc CMakeFiles/PicoTest.dir/Users/jjulich/pico/pico-sdk/src/rp2_common/pico_mem_ops/mem_ops_aeabi.S.obj
                0x00000000100045f8                __wrap___aeabi_memcpy
                0x00000000100045f8                __wrap_memcpy
 .text.stdio_out_chars_crlf.part.0
                0x0000000010004604       0x84 CMakeFiles/PicoTest.dir/Users/jjulich/pico/pico-sdk/src/rp2_common/pico_stdio/stdio.c.obj
 .text.stdio_buffered_printer
                0x0000000010004688       0x78 CMakeFiles/PicoTest.dir/Users/jjulich/pico/pico-sdk/src/rp2_common/pico_stdio/stdio.c.obj
 .text.stdio_put_string
                0x0000000010004700      0x100 CMakeFiles/PicoTest.dir/Users/jjulich/pico/pico-sdk/src/rp2_common/pico_stdio/stdio.c.obj
 .text.__wrap_putchar
                0x0000000010004800       0x1c CMakeFiles/PicoTest.dir/Users/jjulich/pico/pico-sdk/src/rp2_common/pico_stdio/stdio.c.obj
                0x0000000010004800                __wrap_putchar
 .text.__wrap_puts
                0x000000001000481c       0x3c CMakeFiles/PicoTest.dir/Users/jjulich/pico/pico-sdk/src/rp2_common/pico_stdio/stdio.c.obj
                0x000000001000481c                __wrap_puts
 .text.stdio_set_driver_enabled
                0x0000000010004858       0x3c CMakeFiles/PicoTest.dir/Users/jjulich/pico/pico-sdk/src/rp2_common/pico_stdio/stdio.c.obj
                0x0000000010004858                stdio_set_driver_enabled
 .text.__wrap_vprintf
                0x0000000010004894       0xe8 CMakeFiles/PicoTest.dir/Users/jjulich/pico/pico-sdk/src/rp2_common/pico_stdio/stdio.c.obj
                0x0000000010004894                __wrap_vprintf
 .text.__wrap_printf
                0x000000001000497c       0x18 CMakeFiles/PicoTest.dir/Users/jjulich/pico/pico-sdk/src/rp2_common/pico_stdio/stdio.c.obj
                0x000000001000497c                __wrap_printf
 .text.stdio_init_all
                0x0000000010004994        0x8 CMakeFiles/PicoTest.dir/Users/jjulich/pico/pico-sdk/src/rp2_common/pico_stdio/stdio.c.obj
                0x0000000010004994                stdio_init_all
 .text.resetd_init
                0x000000001000499c        0x4 CMakeFiles/PicoTest.dir/Users/jjulich/pico/pico-sdk/src/rp2_common/pico_stdio_usb/reset_interface.c.obj
 .text.resetd_reset
                0x00000000100049a0        0xc CMakeFiles/PicoTest.dir/Users/jjulich/pico/pico-sdk/src/rp2_common/pico_stdio_usb/reset_interface.c.obj
 .text.resetd_open
                0x00000000100049ac       0x28 CMakeFiles/PicoTest.dir/Users/jjulich/pico/pico-sdk/src/rp2_common/pico_stdio_usb/reset_interface.c.obj
 .text.resetd_control_complete_cb
                0x00000000100049d4        0x4 CMakeFiles/PicoTest.dir/Users/jjulich/pico/pico-sdk/src/rp2_common/pico_stdio_usb/reset_interface.c.obj
 .text.resetd_xfer_cb
                0x00000000100049d8        0x4 CMakeFiles/PicoTest.dir/Users/jjulich/pico/pico-sdk/src/rp2_common/pico_stdio_usb/reset_interface.c.obj
 .text.resetd_control_request_cb
                0x00000000100049dc       0x60 CMakeFiles/PicoTest.dir/Users/jjulich/pico/pico-sdk/src/rp2_common/pico_stdio_usb/reset_interface.c.obj
 .text.usbd_app_driver_get_cb
                0x0000000010004a3c        0xc CMakeFiles/PicoTest.dir/Users/jjulich/pico/pico-sdk/src/rp2_common/pico_stdio_usb/reset_interface.c.obj
                0x0000000010004a3c                usbd_app_driver_get_cb
 .text.tud_cdc_line_coding_cb
                0x0000000010004a48       0x34 CMakeFiles/PicoTest.dir/Users/jjulich/pico/pico-sdk/src/rp2_common/pico_stdio_usb/reset_interface.c.obj
                0x0000000010004a48                tud_cdc_line_coding_cb
 .text.stdio_usb_in_chars
                0x0000000010004a7c       0x68 CMakeFiles/PicoTest.dir/Users/jjulich/pico/pico-sdk/src/rp2_common/pico_stdio_usb/stdio_usb.c.obj
                0x0000000010004a7c                stdio_usb_in_chars
 .text.stdio_usb_out_chars
                0x0000000010004ae4       0xec CMakeFiles/PicoTest.dir/Users/jjulich/pico/pico-sdk/src/rp2_common/pico_stdio_usb/stdio_usb.c.obj
 .text.timer_task
                0x0000000010004bd0       0x10 CMakeFiles/PicoTest.dir/Users/jjulich/pico/pico-sdk/src/rp2_common/pico_stdio_usb/stdio_usb.c.obj
 .text.low_priority_worker_irq
                0x0000000010004be0       0x24 CMakeFiles/PicoTest.dir/Users/jjulich/pico/pico-sdk/src/rp2_common/pico_stdio_usb/stdio_usb.c.obj
 .text.stdio_usb_init
                0x0000000010004c04       0x90 CMakeFiles/PicoTest.dir/Users/jjulich/pico/pico-sdk/src/rp2_common/pico_stdio_usb/stdio_usb.c.obj
                0x0000000010004c04                stdio_usb_init
 .text.tud_descriptor_device_cb
                0x0000000010004c94        0x8 CMakeFiles/PicoTest.dir/Users/jjulich/pico/pico-sdk/src/rp2_common/pico_stdio_usb/stdio_usb_descriptors.c.obj
                0x0000000010004c94                tud_descriptor_device_cb
 .text.tud_descriptor_configuration_cb
                0x0000000010004c9c        0x8 CMakeFiles/PicoTest.dir/Users/jjulich/pico/pico-sdk/src/rp2_common/pico_stdio_usb/stdio_usb_descriptors.c.obj
                0x0000000010004c9c                tud_descriptor_configuration_cb
 .text.tud_descriptor_string_cb
                0x0000000010004ca4       0x5c CMakeFiles/PicoTest.dir/Users/jjulich/pico/pico-sdk/src/rp2_common/pico_stdio_usb/stdio_usb_descriptors.c.obj
                0x0000000010004ca4                tud_descriptor_string_cb
 .text.dcd_rp2040_irq
                0x0000000010004d00      0x130 CMakeFiles/PicoTest.dir/Users/jjulich/pico/pico-sdk/lib/tinyusb/src/portable/raspberrypi/rp2040/dcd_rp2040.c.obj
 .text.dcd_int_enable
                0x0000000010004e30        0xc CMakeFiles/PicoTest.dir/Users/jjulich/pico/pico-sdk/lib/tinyusb/src/portable/raspberrypi/rp2040/dcd_rp2040.c.obj
                0x0000000010004e30                dcd_int_enable
 .text.dcd_set_address
                0x0000000010004e3c       0x30 CMakeFiles/PicoTest.dir/Users/jjulich/pico/pico-sdk/lib/tinyusb/src/portable/raspberrypi/rp2040/dcd_rp2040.c.obj
                0x0000000010004e3c                dcd_set_address
 .text.dcd_connect
                0x0000000010004e6c       0x10 CMakeFiles/PicoTest.dir/Users/jjulich/pico/pico-sdk/lib/tinyusb/src/portable/raspberrypi/rp2040/dcd_rp2040.c.obj
                0x0000000010004e6c                dcd_connect
 .text.dcd_init
                0x0000000010004e7c       0xb0 CMakeFiles/PicoTest.dir/Users/jjulich/pico/pico-sdk/lib/tinyusb/src/portable/raspberrypi/rp2040/dcd_rp2040.c.obj
                0x0000000010004e7c                dcd_init
 .text.dcd_edpt0_status_complete
                0x0000000010004f2c       0x38 CMakeFiles/PicoTest.dir/Users/jjulich/pico/pico-sdk/lib/tinyusb/src/portable/raspberrypi/rp2040/dcd_rp2040.c.obj
                0x0000000010004f2c                dcd_edpt0_status_complete
 .text.dcd_edpt_open
                0x0000000010004f64      0x148 CMakeFiles/PicoTest.dir/Users/jjulich/pico/pico-sdk/lib/tinyusb/src/portable/raspberrypi/rp2040/dcd_rp2040.c.obj
                0x0000000010004f64                dcd_edpt_open
 .text.dcd_edpt_xfer
                0x00000000100050ac       0x2c CMakeFiles/PicoTest.dir/Users/jjulich/pico/pico-sdk/lib/tinyusb/src/portable/raspberrypi/rp2040/dcd_rp2040.c.obj
                0x00000000100050ac                dcd_edpt_xfer
 .text.dcd_edpt_stall
                0x00000000100050d8       0x50 CMakeFiles/PicoTest.dir/Users/jjulich/pico/pico-sdk/lib/tinyusb/src/portable/raspberrypi/rp2040/dcd_rp2040.c.obj
                0x00000000100050d8                dcd_edpt_stall
 .text.dcd_edpt_clear_stall
                0x0000000010005128       0x50 CMakeFiles/PicoTest.dir/Users/jjulich/pico/pico-sdk/lib/tinyusb/src/portable/raspberrypi/rp2040/dcd_rp2040.c.obj
                0x0000000010005128                dcd_edpt_clear_stall
 .text.rp2040_usb_init
                0x0000000010005178       0x50 CMakeFiles/PicoTest.dir/Users/jjulich/pico/pico-sdk/lib/tinyusb/src/portable/raspberrypi/rp2040/rp2040_usb.c.obj
                0x0000000010005178                rp2040_usb_init
 .text.hw_endpoint_reset_transfer
                0x00000000100051c8       0x14 CMakeFiles/PicoTest.dir/Users/jjulich/pico/pico-sdk/lib/tinyusb/src/portable/raspberrypi/rp2040/rp2040_usb.c.obj
                0x00000000100051c8                hw_endpoint_reset_transfer
 .text._hw_endpoint_buffer_control_update32
                0x00000000100051dc       0x54 CMakeFiles/PicoTest.dir/Users/jjulich/pico/pico-sdk/lib/tinyusb/src/portable/raspberrypi/rp2040/rp2040_usb.c.obj
                0x00000000100051dc                _hw_endpoint_buffer_control_update32
 .text._hw_endpoint_xfer_continue
                0x0000000010005230      0x10c CMakeFiles/PicoTest.dir/Users/jjulich/pico/pico-sdk/lib/tinyusb/src/portable/raspberrypi/rp2040/rp2040_usb.c.obj
                0x0000000010005230                _hw_endpoint_xfer_continue
 .text._hw_endpoint_xfer
                0x000000001000533c       0xc0 CMakeFiles/PicoTest.dir/Users/jjulich/pico/pico-sdk/lib/tinyusb/src/portable/raspberrypi/rp2040/rp2040_usb.c.obj
                0x000000001000533c                _hw_endpoint_xfer
 .text.tud_mounted
                0x00000000100053fc       0x10 CMakeFiles/PicoTest.dir/Users/jjulich/pico/pico-sdk/lib/tinyusb/src/device/usbd.c.obj
                0x00000000100053fc                tud_mounted
 .text.tud_suspended
                0x000000001000540c       0x10 CMakeFiles/PicoTest.dir/Users/jjulich/pico/pico-sdk/lib/tinyusb/src/device/usbd.c.obj
                0x000000001000540c                tud_suspended
 .text.tud_init
                0x000000001000541c       0xb0 CMakeFiles/PicoTest.dir/Users/jjulich/pico/pico-sdk/lib/tinyusb/src/device/usbd.c.obj
                0x000000001000541c                tud_init
 .text.tud_task
                0x00000000100054cc      0x80c CMakeFiles/PicoTest.dir/Users/jjulich/pico/pico-sdk/lib/tinyusb/src/device/usbd.c.obj
                0x00000000100054cc                tud_task
 .text.dcd_event_bus_signal
                0x0000000010005cd8       0xe0 CMakeFiles/PicoTest.dir/Users/jjulich/pico/pico-sdk/lib/tinyusb/src/device/usbd.c.obj
                0x0000000010005cd8                dcd_event_bus_signal
 .text.dcd_event_setup_received
                0x0000000010005db8       0x50 CMakeFiles/PicoTest.dir/Users/jjulich/pico/pico-sdk/lib/tinyusb/src/device/usbd.c.obj
                0x0000000010005db8                dcd_event_setup_received
 .text.dcd_event_xfer_complete
                0x0000000010005e08       0x68 CMakeFiles/PicoTest.dir/Users/jjulich/pico/pico-sdk/lib/tinyusb/src/device/usbd.c.obj
                0x0000000010005e08                dcd_event_xfer_complete
 .text.usbd_open_edpt_pair
                0x0000000010005e70       0x68 CMakeFiles/PicoTest.dir/Users/jjulich/pico/pico-sdk/lib/tinyusb/src/device/usbd.c.obj
                0x0000000010005e70                usbd_open_edpt_pair
 .text.usbd_edpt_open
                0x0000000010005ed8        0x8 CMakeFiles/PicoTest.dir/Users/jjulich/pico/pico-sdk/lib/tinyusb/src/device/usbd.c.obj
                0x0000000010005ed8                usbd_edpt_open
 .text.usbd_edpt_claim
                0x0000000010005ee0       0x64 CMakeFiles/PicoTest.dir/Users/jjulich/pico/pico-sdk/lib/tinyusb/src/device/usbd.c.obj
                0x0000000010005ee0                usbd_edpt_claim
 .text.usbd_edpt_release
                0x0000000010005f44       0x4c CMakeFiles/PicoTest.dir/Users/jjulich/pico/pico-sdk/lib/tinyusb/src/device/usbd.c.obj
                0x0000000010005f44                usbd_edpt_release
 .text.usbd_edpt_xfer
                0x0000000010005f90       0x48 CMakeFiles/PicoTest.dir/Users/jjulich/pico/pico-sdk/lib/tinyusb/src/device/usbd.c.obj
                0x0000000010005f90                usbd_edpt_xfer
 .text.tud_control_status
                0x0000000010005fd8       0x30 CMakeFiles/PicoTest.dir/Users/jjulich/pico/pico-sdk/lib/tinyusb/src/device/usbd_control.c.obj
                0x0000000010005fd8                tud_control_status
 .text.tud_control_xfer
                0x0000000010006008       0xb8 CMakeFiles/PicoTest.dir/Users/jjulich/pico/pico-sdk/lib/tinyusb/src/device/usbd_control.c.obj
                0x0000000010006008                tud_control_xfer
 .text.usbd_control_reset
                0x00000000100060c0       0x14 CMakeFiles/PicoTest.dir/Users/jjulich/pico/pico-sdk/lib/tinyusb/src/device/usbd_control.c.obj
                0x00000000100060c0                usbd_control_reset
 .text.usbd_control_set_complete_callback
                0x00000000100060d4        0xc CMakeFiles/PicoTest.dir/Users/jjulich/pico/pico-sdk/lib/tinyusb/src/device/usbd_control.c.obj
                0x00000000100060d4                usbd_control_set_complete_callback
 .text.usbd_control_set_request
                0x00000000100060e0       0x1c CMakeFiles/PicoTest.dir/Users/jjulich/pico/pico-sdk/lib/tinyusb/src/device/usbd_control.c.obj
                0x00000000100060e0                usbd_control_set_request
 .text.usbd_control_xfer_cb
                0x00000000100060fc       0xe8 CMakeFiles/PicoTest.dir/Users/jjulich/pico/pico-sdk/lib/tinyusb/src/device/usbd_control.c.obj
                0x00000000100060fc                usbd_control_xfer_cb
 .text.tud_cdc_n_connected
                0x00000000100061e4       0x34 CMakeFiles/PicoTest.dir/Users/jjulich/pico/pico-sdk/lib/tinyusb/src/class/cdc/cdc_device.c.obj
                0x00000000100061e4                tud_cdc_n_connected
 .text.tud_cdc_n_available
                0x0000000010006218       0x20 CMakeFiles/PicoTest.dir/Users/jjulich/pico/pico-sdk/lib/tinyusb/src/class/cdc/cdc_device.c.obj
                0x0000000010006218                tud_cdc_n_available
 .text.tud_cdc_n_read
                0x0000000010006238       0x74 CMakeFiles/PicoTest.dir/Users/jjulich/pico/pico-sdk/lib/tinyusb/src/class/cdc/cdc_device.c.obj
                0x0000000010006238                tud_cdc_n_read
 .text.tud_cdc_n_write_flush
                0x00000000100062ac       0xa4 CMakeFiles/PicoTest.dir/Users/jjulich/pico/pico-sdk/lib/tinyusb/src/class/cdc/cdc_device.c.obj
                0x00000000100062ac                tud_cdc_n_write_flush
 .text.tud_cdc_n_write
                0x0000000010006350       0x38 CMakeFiles/PicoTest.dir/Users/jjulich/pico/pico-sdk/lib/tinyusb/src/class/cdc/cdc_device.c.obj
                0x0000000010006350                tud_cdc_n_write
 .text.tud_cdc_n_write_available
                0x0000000010006388       0x20 CMakeFiles/PicoTest.dir/Users/jjulich/pico/pico-sdk/lib/tinyusb/src/class/cdc/cdc_device.c.obj
                0x0000000010006388                tud_cdc_n_write_available
 .text.cdcd_init
                0x00000000100063a8       0x78 CMakeFiles/PicoTest.dir/Users/jjulich/pico/pico-sdk/lib/tinyusb/src/class/cdc/cdc_device.c.obj
                0x00000000100063a8                cdcd_init
 .text.cdcd_reset
                0x0000000010006420       0x24 CMakeFiles/PicoTest.dir/Users/jjulich/pico/pico-sdk/lib/tinyusb/src/class/cdc/cdc_device.c.obj
                0x0000000010006420                cdcd_reset
 .text.cdcd_open
                0x0000000010006444       0xec CMakeFiles/PicoTest.dir/Users/jjulich/pico/pico-sdk/lib/tinyusb/src/class/cdc/cdc_device.c.obj
                0x0000000010006444                cdcd_open
 .text.cdcd_control_complete
                0x0000000010006530       0x44 CMakeFiles/PicoTest.dir/Users/jjulich/pico/pico-sdk/lib/tinyusb/src/class/cdc/cdc_device.c.obj
                0x0000000010006530                cdcd_control_complete
 .text.cdcd_control_request
                0x0000000010006574       0x68 CMakeFiles/PicoTest.dir/Users/jjulich/pico/pico-sdk/lib/tinyusb/src/class/cdc/cdc_device.c.obj
                0x0000000010006574                cdcd_control_request
 .text.cdcd_xfer_cb
                0x00000000100065dc      0x1b4 CMakeFiles/PicoTest.dir/Users/jjulich/pico/pico-sdk/lib/tinyusb/src/class/cdc/cdc_device.c.obj
                0x00000000100065dc                cdcd_xfer_cb
 .text.tusb_init
                0x0000000010006790       0x20 CMakeFiles/PicoTest.dir/Users/jjulich/pico/pico-sdk/lib/tinyusb/src/tusb.c.obj
                0x0000000010006790                tusb_init
 .text.tusb_inited
                0x00000000100067b0        0xc CMakeFiles/PicoTest.dir/Users/jjulich/pico/pico-sdk/lib/tinyusb/src/tusb.c.obj
                0x00000000100067b0                tusb_inited
 .text.tu_fifo_config
                0x00000000100067bc       0x78 CMakeFiles/PicoTest.dir/Users/jjulich/pico/pico-sdk/lib/tinyusb/src/common/tusb_fifo.c.obj
                0x00000000100067bc                tu_fifo_config
 .text.tu_fifo_count
                0x0000000010006834       0x18 CMakeFiles/PicoTest.dir/Users/jjulich/pico/pico-sdk/lib/tinyusb/src/common/tusb_fifo.c.obj
                0x0000000010006834                tu_fifo_count
 .text.tu_fifo_remaining
                0x000000001000684c       0x1c CMakeFiles/PicoTest.dir/Users/jjulich/pico/pico-sdk/lib/tinyusb/src/common/tusb_fifo.c.obj
                0x000000001000684c                tu_fifo_remaining
 .text.tu_fifo_read
                0x0000000010006868       0xa8 CMakeFiles/PicoTest.dir/Users/jjulich/pico/pico-sdk/lib/tinyusb/src/common/tusb_fifo.c.obj
                0x0000000010006868                tu_fifo_read
 .text.tu_fifo_read_n
                0x0000000010006910       0xf0 CMakeFiles/PicoTest.dir/Users/jjulich/pico/pico-sdk/lib/tinyusb/src/common/tusb_fifo.c.obj
                0x0000000010006910                tu_fifo_read_n
 .text.tu_fifo_write
                0x0000000010006a00       0x84 CMakeFiles/PicoTest.dir/Users/jjulich/pico/pico-sdk/lib/tinyusb/src/common/tusb_fifo.c.obj
                0x0000000010006a00                tu_fifo_write
 .text.tu_fifo_write_n
                0x0000000010006a84       0xfc CMakeFiles/PicoTest.dir/Users/jjulich/pico/pico-sdk/lib/tinyusb/src/common/tusb_fifo.c.obj
                0x0000000010006a84                tu_fifo_write_n
 .text.tu_fifo_clear
                0x0000000010006b80       0x2c CMakeFiles/PicoTest.dir/Users/jjulich/pico/pico-sdk/lib/tinyusb/src/common/tusb_fifo.c.obj
                0x0000000010006b80                tu_fifo_clear
 .text.clock    0x0000000010006bac       0x30 /usr/local/Cellar/arm-none-eabi-gcc/9-2019-q4-major/gcc/bin/../lib/gcc/arm-none-eabi/9.2.1/../../../../arm-none-eabi/lib/thumb/v6-m/nofp/libc.a(lib_a-clock.o)
                0x0000000010006bac                clock
 .text.srand    0x0000000010006bdc       0x14 /usr/local/Cellar/arm-none-eabi-gcc/9-2019-q4-major/gcc/bin/../lib/gcc/arm-none-eabi/9.2.1/../../../../arm-none-eabi/lib/thumb/v6-m/nofp/libc.a(lib_a-rand.o)
                0x0000000010006bdc                srand
 .text.rand     0x0000000010006bf0       0x34 /usr/local/Cellar/arm-none-eabi-gcc/9-2019-q4-major/gcc/bin/../lib/gcc/arm-none-eabi/9.2.1/../../../../arm-none-eabi/lib/thumb/v6-m/nofp/libc.a(lib_a-rand.o)
                0x0000000010006bf0                rand
 .text.strlen   0x0000000010006c24       0x5c /usr/local/Cellar/arm-none-eabi-gcc/9-2019-q4-major/gcc/bin/../lib/gcc/arm-none-eabi/9.2.1/../../../../arm-none-eabi/lib/thumb/v6-m/nofp/libc.a(lib_a-strlen-stub.o)
                0x0000000010006c24                strlen
 .text._times_r
                0x0000000010006c80        0xc /usr/local/Cellar/arm-none-eabi-gcc/9-2019-q4-major/gcc/bin/../lib/gcc/arm-none-eabi/9.2.1/../../../../arm-none-eabi/lib/thumb/v6-m/nofp/libc.a(lib_a-timesr.o)
                0x0000000010006c80                _times_r
 .text._times   0x0000000010006c8c       0x10 /usr/local/Cellar/arm-none-eabi-gcc/9-2019-q4-major/gcc/bin/../lib/gcc/arm-none-eabi/9.2.1/../../../../arm-none-eabi/lib/thumb/v6-m/nofp/libnosys.a(times.o)
                0x0000000010006c8c                _times
 *(.fini)
 .fini          0x0000000010006c9c        0x4 /usr/local/Cellar/arm-none-eabi-gcc/9-2019-q4-major/gcc/bin/../lib/gcc/arm-none-eabi/9.2.1/thumb/v6-m/nofp/crti.o
                0x0000000010006c9c                _fini
 .fini.__stub   0x0000000010006ca0       0x60 linker stubs
 *crtbegin.o(.ctors)
 *crtbegin?.o(.ctors)
 *(EXCLUDE_FILE(*crtend.o *crtend?.o) .ctors)
 *(SORT_BY_NAME(.ctors.*))
 *(.ctors)
 *crtbegin.o(.dtors)
 *crtbegin?.o(.dtors)
 *(EXCLUDE_FILE(*crtend.o *crtend?.o) .dtors)
 *(SORT_BY_NAME(.dtors.*))
 *(.dtors)
 *(.eh_frame*)
 .eh_frame      0x0000000010006d00        0x0 /usr/local/Cellar/arm-none-eabi-gcc/9-2019-q4-major/gcc/bin/../lib/gcc/arm-none-eabi/9.2.1/thumb/v6-m/nofp/crtbegin.o
                0x0000000010006d00                . = ALIGN (0x4)

.glue_7         0x0000000010006d00        0x0
 .glue_7        0x0000000010006d00        0x0 linker stubs

.glue_7t        0x0000000010006d00        0x0
 .glue_7t       0x0000000010006d00        0x0 linker stubs

.vfp11_veneer   0x0000000010006d00        0x0
 .vfp11_veneer  0x0000000010006d00        0x0 linker stubs

.v4_bx          0x0000000010006d00        0x0
 .v4_bx         0x0000000010006d00        0x0 linker stubs

.iplt           0x0000000010006d00        0x0
 .iplt          0x0000000010006d00        0x0 /usr/local/Cellar/arm-none-eabi-gcc/9-2019-q4-major/gcc/bin/../lib/gcc/arm-none-eabi/9.2.1/thumb/v6-m/nofp/crtbegin.o

.rodata         0x0000000010006d00      0x59c
 *(EXCLUDE_FILE(*libm.a: *libc.a:*lib_a-mem*.o *libgcc.a:) .rodata*)
 .rodata.main.str1.4
                0x0000000010006d00       0x3a CMakeFiles/PicoTest.dir/main.c.obj
 *fill*         0x0000000010006d3a        0x2 
 .rodata.spin_lock_claim_unused.str1.4
                0x0000000010006d3c       0x1b CMakeFiles/PicoTest.dir/Users/jjulich/pico/pico-sdk/src/rp2_common/hardware_sync/sync.c.obj
 *fill*         0x0000000010006d57        0x1 
 .rodata.hardware_alarm_claim.str1.4
                0x0000000010006d58       0x22 CMakeFiles/PicoTest.dir/Users/jjulich/pico/pico-sdk/src/rp2_common/hardware_timer/timer.c.obj
 *fill*         0x0000000010006d7a        0x2 
 .rodata.panic.str1.4
                0x0000000010006d7c       0x10 CMakeFiles/PicoTest.dir/Users/jjulich/pico/pico-sdk/src/rp2_common/pico_runtime/runtime.c.obj
                                         0x12 (size before relaxing)
 .rodata.hard_assertion_failure.str1.4
                0x0000000010006d8c        0xc CMakeFiles/PicoTest.dir/Users/jjulich/pico/pico-sdk/src/rp2_common/pico_runtime/runtime.c.obj
 .rodata._ftoa.str1.4
                0x0000000010006d98       0x15 CMakeFiles/PicoTest.dir/Users/jjulich/pico/pico-sdk/src/rp2_common/pico_printf/printf.c.obj
 *fill*         0x0000000010006dad        0x3 
 .rodata._vsnprintf
                0x0000000010006db0      0x1e0 CMakeFiles/PicoTest.dir/Users/jjulich/pico/pico-sdk/src/rp2_common/pico_printf/printf.c.obj
 .rodata.pow10.5446
                0x0000000010006f90       0x50 CMakeFiles/PicoTest.dir/Users/jjulich/pico/pico-sdk/src/rp2_common/pico_printf/printf.c.obj
 .rodata.str1.4
                0x0000000010006fe0       0x40 CMakeFiles/PicoTest.dir/Users/jjulich/pico/pico-sdk/src/rp2_common/pico_standard_link/binary_info.c.obj
 .rodata.__bi_40
                0x0000000010007020        0xc CMakeFiles/PicoTest.dir/Users/jjulich/pico/pico-sdk/src/rp2_common/pico_standard_link/binary_info.c.obj
 .rodata.__bi_71
                0x000000001000702c        0xc CMakeFiles/PicoTest.dir/Users/jjulich/pico/pico-sdk/src/rp2_common/pico_standard_link/binary_info.c.obj
 .rodata.__bi_77
                0x0000000010007038        0xc CMakeFiles/PicoTest.dir/Users/jjulich/pico/pico-sdk/src/rp2_common/pico_standard_link/binary_info.c.obj
 .rodata.crlf_str.5866
                0x0000000010007044        0x2 CMakeFiles/PicoTest.dir/Users/jjulich/pico/pico-sdk/src/rp2_common/pico_stdio/stdio.c.obj
 *fill*         0x0000000010007046        0x2 
 .rodata._resetd_driver
                0x0000000010007048       0x1c CMakeFiles/PicoTest.dir/Users/jjulich/pico/pico-sdk/src/rp2_common/pico_stdio_usb/reset_interface.c.obj
 .rodata.str1.4
                0x0000000010007064       0x13 CMakeFiles/PicoTest.dir/Users/jjulich/pico/pico-sdk/src/rp2_common/pico_stdio_usb/stdio_usb.c.obj
 *fill*         0x0000000010007077        0x1 
 .rodata.__bi_92.7029
                0x0000000010007078        0xc CMakeFiles/PicoTest.dir/Users/jjulich/pico/pico-sdk/src/rp2_common/pico_stdio_usb/stdio_usb.c.obj
 .rodata.str1.4
                0x0000000010007084       0x3a CMakeFiles/PicoTest.dir/Users/jjulich/pico/pico-sdk/src/rp2_common/pico_stdio_usb/stdio_usb_descriptors.c.obj
 *fill*         0x00000000100070be        0x2 
 .rodata.usbd_desc_cfg
                0x00000000100070c0       0x54 CMakeFiles/PicoTest.dir/Users/jjulich/pico/pico-sdk/src/rp2_common/pico_stdio_usb/stdio_usb_descriptors.c.obj
 .rodata.usbd_desc_device
                0x0000000010007114       0x12 CMakeFiles/PicoTest.dir/Users/jjulich/pico/pico-sdk/src/rp2_common/pico_stdio_usb/stdio_usb_descriptors.c.obj
 *fill*         0x0000000010007126        0x2 
 .rodata.usbd_desc_str
                0x0000000010007128       0x18 CMakeFiles/PicoTest.dir/Users/jjulich/pico/pico-sdk/src/rp2_common/pico_stdio_usb/stdio_usb_descriptors.c.obj
 .rodata.dcd_rp2040_irq.str1.4
                0x0000000010007140       0x14 CMakeFiles/PicoTest.dir/Users/jjulich/pico/pico-sdk/lib/tinyusb/src/portable/raspberrypi/rp2040/dcd_rp2040.c.obj
 .rodata.dcd_edpt_open.str1.4
                0x0000000010007154       0x28 CMakeFiles/PicoTest.dir/Users/jjulich/pico/pico-sdk/lib/tinyusb/src/portable/raspberrypi/rp2040/dcd_rp2040.c.obj
 .rodata._hw_endpoint_buffer_control_update32.str1.4
                0x000000001000717c       0x1f CMakeFiles/PicoTest.dir/Users/jjulich/pico/pico-sdk/lib/tinyusb/src/portable/raspberrypi/rp2040/rp2040_usb.c.obj
 *fill*         0x000000001000719b        0x1 
 .rodata._hw_endpoint_xfer_continue.str1.4
                0x000000001000719c       0x50 CMakeFiles/PicoTest.dir/Users/jjulich/pico/pico-sdk/lib/tinyusb/src/portable/raspberrypi/rp2040/rp2040_usb.c.obj
 .rodata.str1.4
                0x00000000100071ec        0x7 CMakeFiles/PicoTest.dir/Users/jjulich/pico/pico-sdk/lib/tinyusb/src/portable/raspberrypi/rp2040/rp2040_usb.c.obj
 *fill*         0x00000000100071f3        0x1 
 .rodata.tud_task
                0x00000000100071f4       0x8c CMakeFiles/PicoTest.dir/Users/jjulich/pico/pico-sdk/lib/tinyusb/src/device/usbd.c.obj
 .rodata._usbd_driver
                0x0000000010007280       0x1c CMakeFiles/PicoTest.dir/Users/jjulich/pico/pico-sdk/lib/tinyusb/src/device/usbd.c.obj
                0x000000001000729c                . = ALIGN (0x4)
 *(SORT_BY_ALIGNMENT(SORT_BY_NAME(.flashdata*)))
                0x000000001000729c                . = ALIGN (0x4)

.rel.dyn        0x000000001000729c        0x0
 .rel.iplt      0x000000001000729c        0x0 /usr/local/Cellar/arm-none-eabi-gcc/9-2019-q4-major/gcc/bin/../lib/gcc/arm-none-eabi/9.2.1/thumb/v6-m/nofp/crtbegin.o

.ARM.extab
 *(.ARM.extab* .gnu.linkonce.armextab.*)
                0x000000001000729c                __exidx_start = .

.ARM.exidx
 *(.ARM.exidx* .gnu.linkonce.armexidx.*)
                0x000000001000729c                __exidx_end = .
                0x000000001000729c                . = ALIGN (0x4)
                0x000000001000729c                __binary_info_start = .

.binary_info    0x000000001000729c       0x20
 *(.binary_info.keep.*)
 .binary_info.keep.__bi_ptr18
                0x000000001000729c        0x4 CMakeFiles/PicoTest.dir/Users/jjulich/pico/pico-sdk/src/rp2_common/pico_standard_link/binary_info.c.obj
 .binary_info.keep.__bi_ptr26
                0x00000000100072a0        0x4 CMakeFiles/PicoTest.dir/Users/jjulich/pico/pico-sdk/src/rp2_common/pico_standard_link/binary_info.c.obj
 .binary_info.keep.__bi_ptr34
                0x00000000100072a4        0x4 CMakeFiles/PicoTest.dir/Users/jjulich/pico/pico-sdk/src/rp2_common/pico_standard_link/binary_info.c.obj
 .binary_info.keep.__bi_ptr40
                0x00000000100072a8        0x4 CMakeFiles/PicoTest.dir/Users/jjulich/pico/pico-sdk/src/rp2_common/pico_standard_link/binary_info.c.obj
 .binary_info.keep.__bi_ptr46
                0x00000000100072ac        0x4 CMakeFiles/PicoTest.dir/Users/jjulich/pico/pico-sdk/src/rp2_common/pico_standard_link/binary_info.c.obj
 .binary_info.keep.__bi_ptr71
                0x00000000100072b0        0x4 CMakeFiles/PicoTest.dir/Users/jjulich/pico/pico-sdk/src/rp2_common/pico_standard_link/binary_info.c.obj
 .binary_info.keep.__bi_ptr77
                0x00000000100072b4        0x4 CMakeFiles/PicoTest.dir/Users/jjulich/pico/pico-sdk/src/rp2_common/pico_standard_link/binary_info.c.obj
 *(.binary_info.*)
 .binary_info.__bi_ptr92
                0x00000000100072b8        0x4 CMakeFiles/PicoTest.dir/Users/jjulich/pico/pico-sdk/src/rp2_common/pico_stdio_usb/stdio_usb.c.obj
                0x00000000100072bc                __binary_info_end = .
                0x00000000100072bc                . = ALIGN (0x4)
                0x00000000100072bc                __etext = .

.ram_vector_table
                0x0000000020000000       0xc0
 *(.ram_vector_table)
 .ram_vector_table
                0x0000000020000000       0xc0 CMakeFiles/PicoTest.dir/Users/jjulich/pico/pico-sdk/src/rp2_common/pico_runtime/runtime.c.obj
                0x0000000020000000                ram_vector_table

.data           0x00000000200000c0      0x6b4 load address 0x00000000100072bc
                0x00000000200000c0                __data_start__ = .
 *(vtable)
 *(.time_critical*)
 .time_critical.mutex_enter_blocking
                0x00000000200000c0       0x4c CMakeFiles/PicoTest.dir/Users/jjulich/pico/pico-sdk/src/common/pico_sync/mutex.c.obj
                0x00000000200000c0                mutex_enter_blocking
 .time_critical.mutex_try_enter
                0x000000002000010c       0x48 CMakeFiles/PicoTest.dir/Users/jjulich/pico/pico-sdk/src/common/pico_sync/mutex.c.obj
                0x000000002000010c                mutex_try_enter
 .time_critical.mutex_enter_timeout_ms
                0x0000000020000154       0x98 CMakeFiles/PicoTest.dir/Users/jjulich/pico/pico-sdk/src/common/pico_sync/mutex.c.obj
                0x0000000020000154                mutex_enter_timeout_ms
 .time_critical.mutex_exit
                0x00000000200001ec       0x28 CMakeFiles/PicoTest.dir/Users/jjulich/pico/pico-sdk/src/common/pico_sync/mutex.c.obj
                0x00000000200001ec                mutex_exit
 *(.text*)
 .text          0x0000000020000214        0x4 /usr/local/Cellar/arm-none-eabi-gcc/9-2019-q4-major/gcc/bin/../lib/gcc/arm-none-eabi/9.2.1/thumb/v6-m/nofp/libgcc.a(_dvmd_tls.o)
                0x0000000020000214                __aeabi_ldiv0
                0x0000000020000214                __aeabi_idiv0
 .text.__stub   0x0000000020000218       0x30 linker stubs
                0x0000000020000248                . = ALIGN (0x4)
 *(.rodata*)
                0x0000000020000248                . = ALIGN (0x4)
 *(.data*)
 .data.buffer0  0x0000000020000248        0x8 CMakeFiles/PicoTest.dir/main.c.obj
                0x0000000020000248                buffer0
 .data.striped_spin_lock_num
                0x0000000020000250        0x1 CMakeFiles/PicoTest.dir/Users/jjulich/pico/pico-sdk/src/rp2_common/hardware_sync/sync.c.obj
 *fill*         0x0000000020000251        0x3 
 .data.default_alarm_pool
                0x0000000020000254       0x18 CMakeFiles/PicoTest.dir/Users/jjulich/pico/pico-sdk/src/common/pico_time/time.c.obj
 .data.default_alarm_pool_heap
                0x000000002000026c       0x10 CMakeFiles/PicoTest.dir/Users/jjulich/pico/pico-sdk/src/common/pico_time/time.c.obj
 .data          0x000000002000027c       0x48 CMakeFiles/PicoTest.dir/Users/jjulich/pico/pico-sdk/src/rp2_common/hardware_irq/irq_handler_chain.S.obj
                0x000000002000027c                irq_handler_chain_slots
                0x00000000200002ac                irq_handler_chain_first_slot
                0x00000000200002b6                irq_handler_chain_remove_tail
 *fill*         0x00000000200002c4        0xc 
 .data.aeabi_bits_funcs
                0x00000000200002d0       0x10 CMakeFiles/PicoTest.dir/Users/jjulich/pico/pico-sdk/src/rp2_common/pico_bit_ops/bit_ops_aeabi.S.obj
                0x00000000200002d0                aeabi_bits_funcs
                0x00000000200002e0                aeabi_bits_funcs_end
 .data.aeabi_mem_funcs
                0x00000000200002e0       0x10 CMakeFiles/PicoTest.dir/Users/jjulich/pico/pico-sdk/src/rp2_common/pico_mem_ops/mem_ops_aeabi.S.obj
                0x00000000200002e0                aeabi_mem_funcs
                0x00000000200002f0                aeabi_mem_funcs_end
 .data.stdio_usb
                0x00000000200002f0       0x14 CMakeFiles/PicoTest.dir/Users/jjulich/pico/pico-sdk/src/rp2_common/pico_stdio_usb/stdio_usb.c.obj
                0x00000000200002f0                stdio_usb
 .data.ep_dir_string
                0x0000000020000304        0x8 CMakeFiles/PicoTest.dir/Users/jjulich/pico/pico-sdk/lib/tinyusb/src/portable/raspberrypi/rp2040/rp2040_usb.c.obj
                0x0000000020000304                ep_dir_string
 .data._usbd_qdef
                0x000000002000030c       0x20 CMakeFiles/PicoTest.dir/Users/jjulich/pico/pico-sdk/lib/tinyusb/src/device/usbd.c.obj
                0x000000002000030c                _usbd_qdef
 .data._impure_ptr
                0x000000002000032c        0x4 /usr/local/Cellar/arm-none-eabi-gcc/9-2019-q4-major/gcc/bin/../lib/gcc/arm-none-eabi/9.2.1/../../../../arm-none-eabi/lib/thumb/v6-m/nofp/libc.a(lib_a-impure.o)
                0x000000002000032c                _impure_ptr
 .data.impure_data
                0x0000000020000330      0x428 /usr/local/Cellar/arm-none-eabi-gcc/9-2019-q4-major/gcc/bin/../lib/gcc/arm-none-eabi/9.2.1/../../../../arm-none-eabi/lib/thumb/v6-m/nofp/libc.a(lib_a-impure.o)
                0x0000000020000758                . = ALIGN (0x4)
 *(.after_data.*)
                0x0000000020000758                . = ALIGN (0x4)
                0x0000000020000758                PROVIDE (__mutex_array_start = .)
 *(SORT_BY_NAME(.mutex_array.*))
 *(.mutex_array)
 .mutex_array   0x0000000020000758        0x8 CMakeFiles/PicoTest.dir/Users/jjulich/pico/pico-sdk/src/rp2_common/pico_stdio/stdio.c.obj
                0x0000000020000760                PROVIDE (__mutex_array_end = .)
                0x0000000020000760                . = ALIGN (0x4)
                0x0000000020000760                PROVIDE (__preinit_array_start = .)
 *(SORT_BY_NAME(.preinit_array.*))
 .preinit_array.00001
                0x0000000020000760        0x4 CMakeFiles/PicoTest.dir/Users/jjulich/pico/pico-sdk/src/rp2_common/pico_mem_ops/mem_ops_aeabi.S.obj
 .preinit_array.00010
                0x0000000020000764        0x4 CMakeFiles/PicoTest.dir/Users/jjulich/pico/pico-sdk/src/rp2_common/pico_bit_ops/bit_ops_aeabi.S.obj
 .preinit_array.00020
                0x0000000020000768        0x4 CMakeFiles/PicoTest.dir/Users/jjulich/pico/pico-sdk/src/rp2_common/pico_double/double_aeabi.S.obj
 .preinit_array.00020
                0x000000002000076c        0x4 CMakeFiles/PicoTest.dir/Users/jjulich/pico/pico-sdk/src/rp2_common/pico_float/float_aeabi.S.obj
 *(.preinit_array)
                0x0000000020000770                PROVIDE (__preinit_array_end = .)
                0x0000000020000770                . = ALIGN (0x4)
                0x0000000020000770                PROVIDE (__init_array_start = .)
 *(SORT_BY_NAME(.init_array.*))
 *(.init_array)
 .init_array    0x0000000020000770        0x4 /usr/local/Cellar/arm-none-eabi-gcc/9-2019-q4-major/gcc/bin/../lib/gcc/arm-none-eabi/9.2.1/thumb/v6-m/nofp/crtbegin.o
                0x0000000020000774                PROVIDE (__init_array_end = .)
                0x0000000020000774                . = ALIGN (0x4)
                [!provide]                        PROVIDE (__fini_array_start = .)
 *(SORT_BY_NAME(.fini_array.*))
 *(.fini_array)
                [!provide]                        PROVIDE (__fini_array_end = .)
 *(.jcr)
                0x0000000020000774                . = ALIGN (0x4)
                0x0000000020000774                __data_end__ = .

.igot.plt       0x0000000020000774        0x0 load address 0x0000000010007970
 .igot.plt      0x0000000020000774        0x0 /usr/local/Cellar/arm-none-eabi-gcc/9-2019-q4-major/gcc/bin/../lib/gcc/arm-none-eabi/9.2.1/thumb/v6-m/nofp/crtbegin.o

.uninitialized_data
                0x0000000020000774        0x0 load address 0x0000000010007970
                0x0000000020000774                . = ALIGN (0x4)
 *(.uninitialized_data*)

.scratch_x      0x0000000020040000        0x0 load address 0x0000000010007970
                0x0000000020040000                __scratch_x_start__ = .
 *(.scratch_x.*)
                0x0000000020040000                . = ALIGN (0x4)
                0x0000000020040000                __scratch_x_end__ = .
                0x0000000010007970                __scratch_x_source__ = LOADADDR (.scratch_x)

.scratch_y      0x0000000020041000        0x0 load address 0x0000000010007970
                0x0000000020041000                __scratch_y_start__ = .
 *(.scratch_y.*)
                0x0000000020041000                . = ALIGN (0x4)
                0x0000000020041000                __scratch_y_end__ = .
                0x0000000010007970                __scratch_y_source__ = LOADADDR (.scratch_y)

.bss            0x0000000020000778     0x1b34
                0x0000000020000778                . = ALIGN (0x4)
                0x0000000020000778                __bss_start__ = .
 *(SORT_BY_ALIGNMENT(SORT_BY_NAME(.bss*)))
 .bss.default_alarm_pool_entries
                0x0000000020000778      0x100 CMakeFiles/PicoTest.dir/Users/jjulich/pico/pico-sdk/src/common/pico_time/time.c.obj
 .bss.last_avail_time.7008
                0x0000000020000878        0x8 CMakeFiles/PicoTest.dir/Users/jjulich/pico/pico-sdk/src/rp2_common/pico_stdio_usb/stdio_usb.c.obj
 .bss           0x0000000020000880       0x1c /usr/local/Cellar/arm-none-eabi-gcc/9-2019-q4-major/gcc/bin/../lib/gcc/arm-none-eabi/9.2.1/thumb/v6-m/nofp/crtbegin.o
 .bss._app_driver
                0x000000002000089c        0x4 CMakeFiles/PicoTest.dir/Users/jjulich/pico/pico-sdk/lib/tinyusb/src/device/usbd.c.obj
 .bss._cdcd_itf
                0x00000000200008a0      0x2d0 CMakeFiles/PicoTest.dir/Users/jjulich/pico/pico-sdk/lib/tinyusb/src/class/cdc/cdc_device.c.obj
 .bss._ctrl_xfer
                0x0000000020000b70       0x14 CMakeFiles/PicoTest.dir/Users/jjulich/pico/pico-sdk/lib/tinyusb/src/device/usbd_control.c.obj
 .bss._ubsd_mutexdef
                0x0000000020000b84        0x8 CMakeFiles/PicoTest.dir/Users/jjulich/pico/pico-sdk/lib/tinyusb/src/device/usbd.c.obj
 .bss._usbd_ctrl_buf
                0x0000000020000b8c       0x40 CMakeFiles/PicoTest.dir/Users/jjulich/pico/pico-sdk/lib/tinyusb/src/device/usbd_control.c.obj
 .bss._usbd_dev
                0x0000000020000bcc       0x37 CMakeFiles/PicoTest.dir/Users/jjulich/pico/pico-sdk/lib/tinyusb/src/device/usbd.c.obj
 *fill*         0x0000000020000c03        0x1 
 .bss._usbd_mutex
                0x0000000020000c04        0x4 CMakeFiles/PicoTest.dir/Users/jjulich/pico/pico-sdk/lib/tinyusb/src/device/usbd.c.obj
 .bss._usbd_q   0x0000000020000c08        0x4 CMakeFiles/PicoTest.dir/Users/jjulich/pico/pico-sdk/lib/tinyusb/src/device/usbd.c.obj
 .bss.alarm_callbacks
                0x0000000020000c0c       0x10 CMakeFiles/PicoTest.dir/Users/jjulich/pico/pico-sdk/src/rp2_common/hardware_timer/timer.c.obj
 .bss.claimed   0x0000000020000c1c        0x4 CMakeFiles/PicoTest.dir/Users/jjulich/pico/pico-sdk/src/rp2_common/hardware_sync/sync.c.obj
 .bss.configured_freq
                0x0000000020000c20       0x28 CMakeFiles/PicoTest.dir/Users/jjulich/pico/pico-sdk/src/rp2_common/hardware_clocks/clocks.c.obj
 .bss.default_alarm_pool_entry_ids_high
                0x0000000020000c48       0x10 CMakeFiles/PicoTest.dir/Users/jjulich/pico/pico-sdk/src/common/pico_time/time.c.obj
 .bss.default_alarm_pool_heap_nodes
                0x0000000020000c58       0x30 CMakeFiles/PicoTest.dir/Users/jjulich/pico/pico-sdk/src/common/pico_time/time.c.obj
 .bss.desc_str.6904
                0x0000000020000c88       0x28 CMakeFiles/PicoTest.dir/Users/jjulich/pico/pico-sdk/src/rp2_common/pico_stdio_usb/stdio_usb_descriptors.c.obj
 .bss.drivers   0x0000000020000cb0        0x4 CMakeFiles/PicoTest.dir/Users/jjulich/pico/pico-sdk/src/rp2_common/pico_stdio/stdio.c.obj
 .bss.filter    0x0000000020000cb4        0x4 CMakeFiles/PicoTest.dir/Users/jjulich/pico/pico-sdk/src/rp2_common/pico_stdio/stdio.c.obj
 .bss.hw_endpoints
                0x0000000020000cb8      0x680 CMakeFiles/PicoTest.dir/Users/jjulich/pico/pico-sdk/lib/tinyusb/src/portable/raspberrypi/rp2040/dcd_rp2040.c.obj
 .bss.lazy_vsnprintf
                0x0000000020001338        0x4 CMakeFiles/PicoTest.dir/Users/jjulich/pico/pico-sdk/src/rp2_common/pico_printf/printf.c.obj
 .bss.load_value
                0x000000002000133c        0x4 CMakeFiles/PicoTest.dir/Users/jjulich/pico/pico-sdk/src/rp2_common/hardware_watchdog/watchdog.c.obj
 .bss.next_buffer_ptr
                0x0000000020001340        0x4 CMakeFiles/PicoTest.dir/Users/jjulich/pico/pico-sdk/lib/tinyusb/src/portable/raspberrypi/rp2040/dcd_rp2040.c.obj
 .bss.pools     0x0000000020001344       0x10 CMakeFiles/PicoTest.dir/Users/jjulich/pico/pico-sdk/src/common/pico_time/time.c.obj
 .bss.stdio_usb_mutex
                0x0000000020001354        0x8 CMakeFiles/PicoTest.dir/Users/jjulich/pico/pico-sdk/src/rp2_common/pico_stdio_usb/stdio_usb.c.obj
 .bss.target_hi
                0x000000002000135c       0x10 CMakeFiles/PicoTest.dir/Users/jjulich/pico/pico-sdk/src/rp2_common/hardware_timer/timer.c.obj
 .bss._app_driver_count
                0x000000002000136c        0x1 CMakeFiles/PicoTest.dir/Users/jjulich/pico/pico-sdk/lib/tinyusb/src/device/usbd.c.obj
 .bss._initialized
                0x000000002000136d        0x1 CMakeFiles/PicoTest.dir/Users/jjulich/pico/pico-sdk/lib/tinyusb/src/tusb.c.obj
 .bss.assigned_address
                0x000000002000136e        0x1 CMakeFiles/PicoTest.dir/Users/jjulich/pico/pico-sdk/lib/tinyusb/src/portable/raspberrypi/rp2040/dcd_rp2040.c.obj
 .bss.claimed   0x000000002000136f        0x1 CMakeFiles/PicoTest.dir/Users/jjulich/pico/pico-sdk/src/rp2_common/hardware_timer/timer.c.obj
 .bss.irq_hander_chain_free_slot_head
                0x0000000020001370        0x1 CMakeFiles/PicoTest.dir/Users/jjulich/pico/pico-sdk/src/rp2_common/hardware_irq/irq.c.obj
 .bss.itf_num   0x0000000020001371        0x1 CMakeFiles/PicoTest.dir/Users/jjulich/pico/pico-sdk/src/rp2_common/pico_stdio_usb/reset_interface.c.obj
 .bss.timer_callbacks_pending
                0x0000000020001372        0x1 CMakeFiles/PicoTest.dir/Users/jjulich/pico/pico-sdk/src/rp2_common/hardware_timer/timer.c.obj
 *(COMMON)
 *fill*         0x0000000020001373        0x1 
 COMMON         0x0000000020001374      0xc70 CMakeFiles/PicoTest.dir/main.c.obj
                0x0000000020001374                buffer2
                0x0000000020001574                buffer4
                0x0000000020001b64                buffer1
                0x0000000020001be4                buffer3
 COMMON         0x0000000020001fe4      0x100 CMakeFiles/PicoTest.dir/Users/jjulich/pico/pico-sdk/src/rp2_common/pico_double/double_init_rom.c.obj
                0x0000000020001fe4                sd_table
 COMMON         0x00000000200020e4      0x104 CMakeFiles/PicoTest.dir/Users/jjulich/pico/pico-sdk/src/rp2_common/pico_float/float_init_rom.c.obj
                0x00000000200020e4                sf_table
                0x00000000200021e4                sf_clz_func
 COMMON         0x00000000200021e8       0xc0 CMakeFiles/PicoTest.dir/Users/jjulich/pico/pico-sdk/lib/tinyusb/src/device/usbd.c.obj
                0x00000000200021e8                _usbd_qdef_buf
 COMMON         0x00000000200022a8        0x4 /usr/local/Cellar/arm-none-eabi-gcc/9-2019-q4-major/gcc/bin/../lib/gcc/arm-none-eabi/9.2.1/../../../../arm-none-eabi/lib/thumb/v6-m/nofp/libc.a(lib_a-reent.o)
                0x00000000200022a8                errno
                0x00000000200022ac                . = ALIGN (0x4)
                0x00000000200022ac                __bss_end__ = .

.heap           0x00000000200022ac      0x800
                0x00000000200022ac                __end__ = .
                0x00000000200022ac                end = __end__
 *(.heap*)
 .heap          0x00000000200022ac      0x800 CMakeFiles/PicoTest.dir/Users/jjulich/pico/pico-sdk/src/rp2_common/pico_standard_link/crt0.S.obj
                0x0000000020002aac                __HeapLimit = .

.stack1_dummy   0x0000000020040000        0x0
 *(.stack1*)

.stack_dummy    0x0000000020041000      0x800
 *(.stack*)
 .stack         0x0000000020041000      0x800 CMakeFiles/PicoTest.dir/Users/jjulich/pico/pico-sdk/src/rp2_common/pico_standard_link/crt0.S.obj

.flash_end      0x0000000010007970        0x0
                0x0000000010007970                __flash_binary_end = .
                0x0000000020040000                __StackLimit = (ORIGIN (RAM) + LENGTH (RAM))
                0x0000000020041000                __StackOneTop = (ORIGIN (SCRATCH_X) + LENGTH (SCRATCH_X))
                0x0000000020042000                __StackTop = (ORIGIN (SCRATCH_Y) + LENGTH (SCRATCH_Y))
                0x0000000020041000                __StackOneBottom = (__StackOneTop - SIZEOF (.stack1_dummy))
                0x0000000020041800                __StackBottom = (__StackTop - SIZEOF (.stack_dummy))
                0x0000000020042000                PROVIDE (__stack = __StackTop)
                0x0000000000000001                ASSERT ((__StackLimit >= __HeapLimit), region RAM overflowed)
                0x0000000000000001                ASSERT (((__binary_info_header_end - __logical_binary_start) <= 0x100), Binary info must be in first 256 bytes of the binary)
LOAD CMakeFiles/PicoTest.dir/main.c.obj
LOAD CMakeFiles/PicoTest.dir/rfc1071.c.obj
LOAD CMakeFiles/PicoTest.dir/usGenerateChecksum.c.obj
LOAD CMakeFiles/PicoTest.dir/usGenerateChecksum2.c.obj
LOAD CMakeFiles/PicoTest.dir/usGenerateChecksum32.c.obj
LOAD CMakeFiles/PicoTest.dir/Users/jjulich/pico/pico-sdk/src/rp2_common/pico_stdlib/stdlib.c.obj
LOAD CMakeFiles/PicoTest.dir/Users/jjulich/pico/pico-sdk/src/rp2_common/hardware_gpio/gpio.c.obj
LOAD CMakeFiles/PicoTest.dir/Users/jjulich/pico/pico-sdk/src/rp2_common/hardware_claim/claim.c.obj
LOAD CMakeFiles/PicoTest.dir/Users/jjulich/pico/pico-sdk/src/rp2_common/hardware_sync/sync.c.obj
LOAD CMakeFiles/PicoTest.dir/Users/jjulich/pico/pico-sdk/src/rp2_common/pico_platform/platform.c.obj
LOAD CMakeFiles/PicoTest.dir/Users/jjulich/pico/pico-sdk/src/rp2_common/hardware_uart/uart.c.obj
LOAD CMakeFiles/PicoTest.dir/Users/jjulich/pico/pico-sdk/src/rp2_common/hardware_divider/divider.S.obj
LOAD CMakeFiles/PicoTest.dir/Users/jjulich/pico/pico-sdk/src/common/pico_time/time.c.obj
LOAD CMakeFiles/PicoTest.dir/Users/jjulich/pico/pico-sdk/src/common/pico_time/timeout_helper.c.obj
LOAD CMakeFiles/PicoTest.dir/Users/jjulich/pico/pico-sdk/src/rp2_common/hardware_timer/timer.c.obj
LOAD CMakeFiles/PicoTest.dir/Users/jjulich/pico/pico-sdk/src/common/pico_sync/sem.c.obj
LOAD CMakeFiles/PicoTest.dir/Users/jjulich/pico/pico-sdk/src/common/pico_sync/lock_core.c.obj
LOAD CMakeFiles/PicoTest.dir/Users/jjulich/pico/pico-sdk/src/common/pico_sync/mutex.c.obj
LOAD CMakeFiles/PicoTest.dir/Users/jjulich/pico/pico-sdk/src/common/pico_sync/critical_section.c.obj
LOAD CMakeFiles/PicoTest.dir/Users/jjulich/pico/pico-sdk/src/common/pico_util/datetime.c.obj
LOAD CMakeFiles/PicoTest.dir/Users/jjulich/pico/pico-sdk/src/common/pico_util/pheap.c.obj
LOAD CMakeFiles/PicoTest.dir/Users/jjulich/pico/pico-sdk/src/common/pico_util/queue.c.obj
LOAD CMakeFiles/PicoTest.dir/Users/jjulich/pico/pico-sdk/src/rp2_common/pico_runtime/runtime.c.obj
LOAD CMakeFiles/PicoTest.dir/Users/jjulich/pico/pico-sdk/src/rp2_common/hardware_clocks/clocks.c.obj
LOAD CMakeFiles/PicoTest.dir/Users/jjulich/pico/pico-sdk/src/rp2_common/hardware_watchdog/watchdog.c.obj
LOAD CMakeFiles/PicoTest.dir/Users/jjulich/pico/pico-sdk/src/rp2_common/hardware_xosc/xosc.c.obj
LOAD CMakeFiles/PicoTest.dir/Users/jjulich/pico/pico-sdk/src/rp2_common/hardware_pll/pll.c.obj
LOAD CMakeFiles/PicoTest.dir/Users/jjulich/pico/pico-sdk/src/rp2_common/hardware_vreg/vreg.c.obj
LOAD CMakeFiles/PicoTest.dir/Users/jjulich/pico/pico-sdk/src/rp2_common/hardware_irq/irq.c.obj
LOAD CMakeFiles/PicoTest.dir/Users/jjulich/pico/pico-sdk/src/rp2_common/hardware_irq/irq_handler_chain.S.obj
LOAD CMakeFiles/PicoTest.dir/Users/jjulich/pico/pico-sdk/src/rp2_common/pico_printf/printf.c.obj
LOAD CMakeFiles/PicoTest.dir/Users/jjulich/pico/pico-sdk/src/rp2_common/pico_bit_ops/bit_ops_aeabi.S.obj
LOAD CMakeFiles/PicoTest.dir/Users/jjulich/pico/pico-sdk/src/rp2_common/pico_bootrom/bootrom.c.obj
LOAD CMakeFiles/PicoTest.dir/Users/jjulich/pico/pico-sdk/src/rp2_common/pico_divider/divider.S.obj
LOAD CMakeFiles/PicoTest.dir/Users/jjulich/pico/pico-sdk/src/rp2_common/pico_double/double_aeabi.S.obj
LOAD CMakeFiles/PicoTest.dir/Users/jjulich/pico/pico-sdk/src/rp2_common/pico_double/double_init_rom.c.obj
LOAD CMakeFiles/PicoTest.dir/Users/jjulich/pico/pico-sdk/src/rp2_common/pico_double/double_math.c.obj
LOAD CMakeFiles/PicoTest.dir/Users/jjulich/pico/pico-sdk/src/rp2_common/pico_double/double_v1_rom_shim.S.obj
LOAD CMakeFiles/PicoTest.dir/Users/jjulich/pico/pico-sdk/src/rp2_common/pico_int64_ops/pico_int64_ops_aeabi.S.obj
LOAD CMakeFiles/PicoTest.dir/Users/jjulich/pico/pico-sdk/src/rp2_common/pico_float/float_aeabi.S.obj
LOAD CMakeFiles/PicoTest.dir/Users/jjulich/pico/pico-sdk/src/rp2_common/pico_float/float_init_rom.c.obj
LOAD CMakeFiles/PicoTest.dir/Users/jjulich/pico/pico-sdk/src/rp2_common/pico_float/float_math.c.obj
LOAD CMakeFiles/PicoTest.dir/Users/jjulich/pico/pico-sdk/src/rp2_common/pico_float/float_v1_rom_shim.S.obj
LOAD CMakeFiles/PicoTest.dir/Users/jjulich/pico/pico-sdk/src/rp2_common/pico_malloc/pico_malloc.c.obj
LOAD CMakeFiles/PicoTest.dir/Users/jjulich/pico/pico-sdk/src/rp2_common/pico_mem_ops/mem_ops_aeabi.S.obj
LOAD CMakeFiles/PicoTest.dir/Users/jjulich/pico/pico-sdk/src/rp2_common/pico_standard_link/crt0.S.obj
LOAD CMakeFiles/PicoTest.dir/Users/jjulich/pico/pico-sdk/src/rp2_common/pico_standard_link/new_delete.cpp.obj
LOAD CMakeFiles/PicoTest.dir/Users/jjulich/pico/pico-sdk/src/rp2_common/pico_standard_link/binary_info.c.obj
LOAD CMakeFiles/PicoTest.dir/Users/jjulich/pico/pico-sdk/src/rp2_common/pico_stdio/stdio.c.obj
LOAD CMakeFiles/PicoTest.dir/Users/jjulich/pico/pico-sdk/src/rp2_common/pico_stdio_usb/reset_interface.c.obj
LOAD CMakeFiles/PicoTest.dir/Users/jjulich/pico/pico-sdk/src/rp2_common/pico_stdio_usb/stdio_usb.c.obj
LOAD CMakeFiles/PicoTest.dir/Users/jjulich/pico/pico-sdk/src/rp2_common/pico_stdio_usb/stdio_usb_descriptors.c.obj
LOAD CMakeFiles/PicoTest.dir/Users/jjulich/pico/pico-sdk/lib/tinyusb/src/portable/raspberrypi/rp2040/dcd_rp2040.c.obj
LOAD CMakeFiles/PicoTest.dir/Users/jjulich/pico/pico-sdk/lib/tinyusb/src/portable/raspberrypi/rp2040/rp2040_usb.c.obj
LOAD CMakeFiles/PicoTest.dir/Users/jjulich/pico/pico-sdk/lib/tinyusb/src/device/usbd.c.obj
LOAD CMakeFiles/PicoTest.dir/Users/jjulich/pico/pico-sdk/lib/tinyusb/src/device/usbd_control.c.obj
LOAD CMakeFiles/PicoTest.dir/Users/jjulich/pico/pico-sdk/lib/tinyusb/src/class/audio/audio_device.c.obj
LOAD CMakeFiles/PicoTest.dir/Users/jjulich/pico/pico-sdk/lib/tinyusb/src/class/cdc/cdc_device.c.obj
LOAD CMakeFiles/PicoTest.dir/Users/jjulich/pico/pico-sdk/lib/tinyusb/src/class/dfu/dfu_rt_device.c.obj
LOAD CMakeFiles/PicoTest.dir/Users/jjulich/pico/pico-sdk/lib/tinyusb/src/class/hid/hid_device.c.obj
LOAD CMakeFiles/PicoTest.dir/Users/jjulich/pico/pico-sdk/lib/tinyusb/src/class/midi/midi_device.c.obj
LOAD CMakeFiles/PicoTest.dir/Users/jjulich/pico/pico-sdk/lib/tinyusb/src/class/msc/msc_device.c.obj
LOAD CMakeFiles/PicoTest.dir/Users/jjulich/pico/pico-sdk/lib/tinyusb/src/class/net/net_device.c.obj
LOAD CMakeFiles/PicoTest.dir/Users/jjulich/pico/pico-sdk/lib/tinyusb/src/class/usbtmc/usbtmc_device.c.obj
LOAD CMakeFiles/PicoTest.dir/Users/jjulich/pico/pico-sdk/lib/tinyusb/src/class/vendor/vendor_device.c.obj
LOAD CMakeFiles/PicoTest.dir/Users/jjulich/pico/pico-sdk/lib/tinyusb/src/tusb.c.obj
LOAD CMakeFiles/PicoTest.dir/Users/jjulich/pico/pico-sdk/lib/tinyusb/src/common/tusb_fifo.c.obj
LOAD CMakeFiles/PicoTest.dir/Users/jjulich/pico/pico-sdk/src/rp2_common/pico_fix/rp2040_usb_device_enumeration/rp2040_usb_device_enumeration.c.obj
LOAD /var/folders/1n/t38rngmd42j286ky10t24rmc6q8d32/T//cckb9ADe.o
LOAD /usr/local/Cellar/arm-none-eabi-gcc/9-2019-q4-major/gcc/bin/../lib/gcc/arm-none-eabi/9.2.1/../../../../arm-none-eabi/lib/thumb/v6-m/nofp/libstdc++.a
LOAD /usr/local/Cellar/arm-none-eabi-gcc/9-2019-q4-major/gcc/bin/../lib/gcc/arm-none-eabi/9.2.1/../../../../arm-none-eabi/lib/thumb/v6-m/nofp/libm.a
START GROUP
LOAD /usr/local/Cellar/arm-none-eabi-gcc/9-2019-q4-major/gcc/bin/../lib/gcc/arm-none-eabi/9.2.1/thumb/v6-m/nofp/libgcc.a
LOAD /usr/local/Cellar/arm-none-eabi-gcc/9-2019-q4-major/gcc/bin/../lib/gcc/arm-none-eabi/9.2.1/../../../../arm-none-eabi/lib/thumb/v6-m/nofp/libc.a
END GROUP
START GROUP
LOAD /usr/local/Cellar/arm-none-eabi-gcc/9-2019-q4-major/gcc/bin/../lib/gcc/arm-none-eabi/9.2.1/thumb/v6-m/nofp/libgcc.a
LOAD /usr/local/Cellar/arm-none-eabi-gcc/9-2019-q4-major/gcc/bin/../lib/gcc/arm-none-eabi/9.2.1/../../../../arm-none-eabi/lib/thumb/v6-m/nofp/libc.a
LOAD /usr/local/Cellar/arm-none-eabi-gcc/9-2019-q4-major/gcc/bin/../lib/gcc/arm-none-eabi/9.2.1/../../../../arm-none-eabi/lib/thumb/v6-m/nofp/libnosys.a
END GROUP
LOAD /usr/local/Cellar/arm-none-eabi-gcc/9-2019-q4-major/gcc/bin/../lib/gcc/arm-none-eabi/9.2.1/thumb/v6-m/nofp/crtend.o
LOAD /usr/local/Cellar/arm-none-eabi-gcc/9-2019-q4-major/gcc/bin/../lib/gcc/arm-none-eabi/9.2.1/thumb/v6-m/nofp/crtn.o
OUTPUT(PicoTest.elf elf32-littlearm)

.ARM.attributes
                0x0000000000000000       0x28
 .ARM.attributes
                0x0000000000000000       0x1e /usr/local/Cellar/arm-none-eabi-gcc/9-2019-q4-major/gcc/bin/../lib/gcc/arm-none-eabi/9.2.1/thumb/v6-m/nofp/crti.o
 .ARM.attributes
                0x000000000000001e       0x2c /usr/local/Cellar/arm-none-eabi-gcc/9-2019-q4-major/gcc/bin/../lib/gcc/arm-none-eabi/9.2.1/thumb/v6-m/nofp/crtbegin.o
 .ARM.attributes
                0x000000000000004a       0x2b CMakeFiles/PicoTest.dir/main.c.obj
 .ARM.attributes
                0x0000000000000075       0x2b CMakeFiles/PicoTest.dir/rfc1071.c.obj
 .ARM.attributes
                0x00000000000000a0       0x2b CMakeFiles/PicoTest.dir/usGenerateChecksum.c.obj
 .ARM.attributes
                0x00000000000000cb       0x2b CMakeFiles/PicoTest.dir/usGenerateChecksum2.c.obj
 .ARM.attributes
                0x00000000000000f6       0x2b CMakeFiles/PicoTest.dir/usGenerateChecksum32.c.obj
 .ARM.attributes
                0x0000000000000121       0x2b CMakeFiles/PicoTest.dir/Users/jjulich/pico/pico-sdk/src/rp2_common/hardware_gpio/gpio.c.obj
 .ARM.attributes
                0x000000000000014c       0x2b CMakeFiles/PicoTest.dir/Users/jjulich/pico/pico-sdk/src/rp2_common/hardware_claim/claim.c.obj
 .ARM.attributes
                0x0000000000000177       0x2b CMakeFiles/PicoTest.dir/Users/jjulich/pico/pico-sdk/src/rp2_common/hardware_sync/sync.c.obj
 .ARM.attributes
                0x00000000000001a2       0x2b CMakeFiles/PicoTest.dir/Users/jjulich/pico/pico-sdk/src/rp2_common/pico_platform/platform.c.obj
 .ARM.attributes
                0x00000000000001cd       0x2b CMakeFiles/PicoTest.dir/Users/jjulich/pico/pico-sdk/src/common/pico_time/time.c.obj
 .ARM.attributes
                0x00000000000001f8       0x2b CMakeFiles/PicoTest.dir/Users/jjulich/pico/pico-sdk/src/rp2_common/hardware_timer/timer.c.obj
 .ARM.attributes
                0x0000000000000223       0x2b CMakeFiles/PicoTest.dir/Users/jjulich/pico/pico-sdk/src/common/pico_sync/lock_core.c.obj
 .ARM.attributes
                0x000000000000024e       0x2b CMakeFiles/PicoTest.dir/Users/jjulich/pico/pico-sdk/src/common/pico_sync/mutex.c.obj
 .ARM.attributes
                0x0000000000000279       0x2b CMakeFiles/PicoTest.dir/Users/jjulich/pico/pico-sdk/src/common/pico_sync/critical_section.c.obj
 .ARM.attributes
                0x00000000000002a4       0x2b CMakeFiles/PicoTest.dir/Users/jjulich/pico/pico-sdk/src/common/pico_util/pheap.c.obj
 .ARM.attributes
                0x00000000000002cf       0x2b CMakeFiles/PicoTest.dir/Users/jjulich/pico/pico-sdk/src/rp2_common/pico_runtime/runtime.c.obj
 .ARM.attributes
                0x00000000000002fa       0x2b CMakeFiles/PicoTest.dir/Users/jjulich/pico/pico-sdk/src/rp2_common/hardware_clocks/clocks.c.obj
 .ARM.attributes
                0x0000000000000325       0x2b CMakeFiles/PicoTest.dir/Users/jjulich/pico/pico-sdk/src/rp2_common/hardware_watchdog/watchdog.c.obj
 .ARM.attributes
                0x0000000000000350       0x2b CMakeFiles/PicoTest.dir/Users/jjulich/pico/pico-sdk/src/rp2_common/hardware_xosc/xosc.c.obj
 .ARM.attributes
                0x000000000000037b       0x2b CMakeFiles/PicoTest.dir/Users/jjulich/pico/pico-sdk/src/rp2_common/hardware_pll/pll.c.obj
 .ARM.attributes
                0x00000000000003a6       0x2b CMakeFiles/PicoTest.dir/Users/jjulich/pico/pico-sdk/src/rp2_common/hardware_irq/irq.c.obj
 .ARM.attributes
                0x00000000000003d1       0x22 CMakeFiles/PicoTest.dir/Users/jjulich/pico/pico-sdk/src/rp2_common/hardware_irq/irq_handler_chain.S.obj
 .ARM.attributes
                0x00000000000003f3       0x2b CMakeFiles/PicoTest.dir/Users/jjulich/pico/pico-sdk/src/rp2_common/pico_printf/printf.c.obj
 .ARM.attributes
                0x000000000000041e       0x22 CMakeFiles/PicoTest.dir/Users/jjulich/pico/pico-sdk/src/rp2_common/pico_bit_ops/bit_ops_aeabi.S.obj
 .ARM.attributes
                0x0000000000000440       0x2b CMakeFiles/PicoTest.dir/Users/jjulich/pico/pico-sdk/src/rp2_common/pico_bootrom/bootrom.c.obj
 .ARM.attributes
                0x000000000000046b       0x22 CMakeFiles/PicoTest.dir/Users/jjulich/pico/pico-sdk/src/rp2_common/pico_divider/divider.S.obj
 .ARM.attributes
                0x000000000000048d       0x22 CMakeFiles/PicoTest.dir/Users/jjulich/pico/pico-sdk/src/rp2_common/pico_double/double_aeabi.S.obj
 .ARM.attributes
                0x00000000000004af       0x2b CMakeFiles/PicoTest.dir/Users/jjulich/pico/pico-sdk/src/rp2_common/pico_double/double_init_rom.c.obj
 .ARM.attributes
                0x00000000000004da       0x22 CMakeFiles/PicoTest.dir/Users/jjulich/pico/pico-sdk/src/rp2_common/pico_double/double_v1_rom_shim.S.obj
 .ARM.attributes
                0x00000000000004fc       0x22 CMakeFiles/PicoTest.dir/Users/jjulich/pico/pico-sdk/src/rp2_common/pico_int64_ops/pico_int64_ops_aeabi.S.obj
 .ARM.attributes
                0x000000000000051e       0x22 CMakeFiles/PicoTest.dir/Users/jjulich/pico/pico-sdk/src/rp2_common/pico_float/float_aeabi.S.obj
 .ARM.attributes
                0x0000000000000540       0x2b CMakeFiles/PicoTest.dir/Users/jjulich/pico/pico-sdk/src/rp2_common/pico_float/float_init_rom.c.obj
 .ARM.attributes
                0x000000000000056b       0x22 CMakeFiles/PicoTest.dir/Users/jjulich/pico/pico-sdk/src/rp2_common/pico_float/float_v1_rom_shim.S.obj
 .ARM.attributes
                0x000000000000058d       0x22 CMakeFiles/PicoTest.dir/Users/jjulich/pico/pico-sdk/src/rp2_common/pico_mem_ops/mem_ops_aeabi.S.obj
 .ARM.attributes
                0x00000000000005af       0x22 CMakeFiles/PicoTest.dir/Users/jjulich/pico/pico-sdk/src/rp2_common/pico_standard_link/crt0.S.obj
 .ARM.attributes
                0x00000000000005d1       0x32 CMakeFiles/PicoTest.dir/Users/jjulich/pico/pico-sdk/src/rp2_common/pico_standard_link/binary_info.c.obj
 .ARM.attributes
                0x0000000000000603       0x2b CMakeFiles/PicoTest.dir/Users/jjulich/pico/pico-sdk/src/rp2_common/pico_stdio/stdio.c.obj
 .ARM.attributes
                0x000000000000062e       0x2b CMakeFiles/PicoTest.dir/Users/jjulich/pico/pico-sdk/src/rp2_common/pico_stdio_usb/reset_interface.c.obj
 .ARM.attributes
                0x0000000000000659       0x2b CMakeFiles/PicoTest.dir/Users/jjulich/pico/pico-sdk/src/rp2_common/pico_stdio_usb/stdio_usb.c.obj
 .ARM.attributes
                0x0000000000000684       0x2b CMakeFiles/PicoTest.dir/Users/jjulich/pico/pico-sdk/src/rp2_common/pico_stdio_usb/stdio_usb_descriptors.c.obj
 .ARM.attributes
                0x00000000000006af       0x2b CMakeFiles/PicoTest.dir/Users/jjulich/pico/pico-sdk/lib/tinyusb/src/portable/raspberrypi/rp2040/dcd_rp2040.c.obj
 .ARM.attributes
                0x00000000000006da       0x2b CMakeFiles/PicoTest.dir/Users/jjulich/pico/pico-sdk/lib/tinyusb/src/portable/raspberrypi/rp2040/rp2040_usb.c.obj
 .ARM.attributes
                0x0000000000000705       0x2b CMakeFiles/PicoTest.dir/Users/jjulich/pico/pico-sdk/lib/tinyusb/src/device/usbd.c.obj
 .ARM.attributes
                0x0000000000000730       0x2b CMakeFiles/PicoTest.dir/Users/jjulich/pico/pico-sdk/lib/tinyusb/src/device/usbd_control.c.obj
 .ARM.attributes
                0x000000000000075b       0x2b CMakeFiles/PicoTest.dir/Users/jjulich/pico/pico-sdk/lib/tinyusb/src/class/cdc/cdc_device.c.obj
 .ARM.attributes
                0x0000000000000786       0x2b CMakeFiles/PicoTest.dir/Users/jjulich/pico/pico-sdk/lib/tinyusb/src/tusb.c.obj
 .ARM.attributes
                0x00000000000007b1       0x2b CMakeFiles/PicoTest.dir/Users/jjulich/pico/pico-sdk/lib/tinyusb/src/common/tusb_fifo.c.obj
 .ARM.attributes
                0x00000000000007dc       0x22 /var/folders/1n/t38rngmd42j286ky10t24rmc6q8d32/T//cckb9ADe.o
 .ARM.attributes
                0x00000000000007fe       0x1e /usr/local/Cellar/arm-none-eabi-gcc/9-2019-q4-major/gcc/bin/../lib/gcc/arm-none-eabi/9.2.1/thumb/v6-m/nofp/libgcc.a(_dvmd_tls.o)
 .ARM.attributes
                0x000000000000081c       0x2c /usr/local/Cellar/arm-none-eabi-gcc/9-2019-q4-major/gcc/bin/../lib/gcc/arm-none-eabi/9.2.1/../../../../arm-none-eabi/lib/thumb/v6-m/nofp/libc.a(lib_a-clock.o)
 .ARM.attributes
                0x0000000000000848       0x2c /usr/local/Cellar/arm-none-eabi-gcc/9-2019-q4-major/gcc/bin/../lib/gcc/arm-none-eabi/9.2.1/../../../../arm-none-eabi/lib/thumb/v6-m/nofp/libc.a(lib_a-impure.o)
 .ARM.attributes
                0x0000000000000874       0x2c /usr/local/Cellar/arm-none-eabi-gcc/9-2019-q4-major/gcc/bin/../lib/gcc/arm-none-eabi/9.2.1/../../../../arm-none-eabi/lib/thumb/v6-m/nofp/libc.a(lib_a-rand.o)
 .ARM.attributes
                0x00000000000008a0       0x2c /usr/local/Cellar/arm-none-eabi-gcc/9-2019-q4-major/gcc/bin/../lib/gcc/arm-none-eabi/9.2.1/../../../../arm-none-eabi/lib/thumb/v6-m/nofp/libc.a(lib_a-strlen-stub.o)
 .ARM.attributes
                0x00000000000008cc       0x2c /usr/local/Cellar/arm-none-eabi-gcc/9-2019-q4-major/gcc/bin/../lib/gcc/arm-none-eabi/9.2.1/../../../../arm-none-eabi/lib/thumb/v6-m/nofp/libc.a(lib_a-timesr.o)
 .ARM.attributes
                0x00000000000008f8       0x2c /usr/local/Cellar/arm-none-eabi-gcc/9-2019-q4-major/gcc/bin/../lib/gcc/arm-none-eabi/9.2.1/../../../../arm-none-eabi/lib/thumb/v6-m/nofp/libc.a(lib_a-reent.o)
 .ARM.attributes
                0x0000000000000924       0x2c /usr/local/Cellar/arm-none-eabi-gcc/9-2019-q4-major/gcc/bin/../lib/gcc/arm-none-eabi/9.2.1/../../../../arm-none-eabi/lib/thumb/v6-m/nofp/libnosys.a(times.o)

.comment        0x0000000000000000       0x79
 .comment       0x0000000000000000       0x79 CMakeFiles/PicoTest.dir/main.c.obj
                                         0x7a (size before relaxing)
 .comment       0x0000000000000079       0x7a CMakeFiles/PicoTest.dir/rfc1071.c.obj
 .comment       0x0000000000000079       0x7a CMakeFiles/PicoTest.dir/usGenerateChecksum.c.obj
 .comment       0x0000000000000079       0x7a CMakeFiles/PicoTest.dir/usGenerateChecksum2.c.obj
 .comment       0x0000000000000079       0x7a CMakeFiles/PicoTest.dir/usGenerateChecksum32.c.obj
 .comment       0x0000000000000079       0x7a CMakeFiles/PicoTest.dir/Users/jjulich/pico/pico-sdk/src/rp2_common/hardware_gpio/gpio.c.obj
 .comment       0x0000000000000079       0x7a CMakeFiles/PicoTest.dir/Users/jjulich/pico/pico-sdk/src/rp2_common/hardware_claim/claim.c.obj
 .comment       0x0000000000000079       0x7a CMakeFiles/PicoTest.dir/Users/jjulich/pico/pico-sdk/src/rp2_common/hardware_sync/sync.c.obj
 .comment       0x0000000000000079       0x7a CMakeFiles/PicoTest.dir/Users/jjulich/pico/pico-sdk/src/rp2_common/pico_platform/platform.c.obj
 .comment       0x0000000000000079       0x7a CMakeFiles/PicoTest.dir/Users/jjulich/pico/pico-sdk/src/common/pico_time/time.c.obj
 .comment       0x0000000000000079       0x7a CMakeFiles/PicoTest.dir/Users/jjulich/pico/pico-sdk/src/rp2_common/hardware_timer/timer.c.obj
 .comment       0x0000000000000079       0x7a CMakeFiles/PicoTest.dir/Users/jjulich/pico/pico-sdk/src/common/pico_sync/lock_core.c.obj
 .comment       0x0000000000000079       0x7a CMakeFiles/PicoTest.dir/Users/jjulich/pico/pico-sdk/src/common/pico_sync/mutex.c.obj
 .comment       0x0000000000000079       0x7a CMakeFiles/PicoTest.dir/Users/jjulich/pico/pico-sdk/src/common/pico_sync/critical_section.c.obj
 .comment       0x0000000000000079       0x7a CMakeFiles/PicoTest.dir/Users/jjulich/pico/pico-sdk/src/common/pico_util/pheap.c.obj
 .comment       0x0000000000000079       0x7a CMakeFiles/PicoTest.dir/Users/jjulich/pico/pico-sdk/src/rp2_common/pico_runtime/runtime.c.obj
 .comment       0x0000000000000079       0x7a CMakeFiles/PicoTest.dir/Users/jjulich/pico/pico-sdk/src/rp2_common/hardware_clocks/clocks.c.obj
 .comment       0x0000000000000079       0x7a CMakeFiles/PicoTest.dir/Users/jjulich/pico/pico-sdk/src/rp2_common/hardware_watchdog/watchdog.c.obj
 .comment       0x0000000000000079       0x7a CMakeFiles/PicoTest.dir/Users/jjulich/pico/pico-sdk/src/rp2_common/hardware_xosc/xosc.c.obj
 .comment       0x0000000000000079       0x7a CMakeFiles/PicoTest.dir/Users/jjulich/pico/pico-sdk/src/rp2_common/hardware_pll/pll.c.obj
 .comment       0x0000000000000079       0x7a CMakeFiles/PicoTest.dir/Users/jjulich/pico/pico-sdk/src/rp2_common/hardware_irq/irq.c.obj
 .comment       0x0000000000000079       0x7a CMakeFiles/PicoTest.dir/Users/jjulich/pico/pico-sdk/src/rp2_common/pico_printf/printf.c.obj
 .comment       0x0000000000000079       0x7a CMakeFiles/PicoTest.dir/Users/jjulich/pico/pico-sdk/src/rp2_common/pico_bootrom/bootrom.c.obj
 .comment       0x0000000000000079       0x7a CMakeFiles/PicoTest.dir/Users/jjulich/pico/pico-sdk/src/rp2_common/pico_double/double_init_rom.c.obj